<?xml version="1.0" encoding="UTF-8"?>
<testsuites name="jest tests" tests="31" failures="31" errors="0" time="9.21">
  <testsuite name="Authentication System Integration Tests" errors="0" failures="31" skipped="0" timestamp="2025-06-08T12:51:07" time="8.939" tests="31">
    <testcase classname="Authentication System Integration Tests User Registration should register a new user successfully" name="Authentication System Integration Tests User Registration should register a new user successfully" time="0.002">
      <failure>Error: Nest can&apos;t resolve dependencies of the UserLoginRepository (?). Please make sure that the argument DataSource at index [0] is available in the TypeOrmModule context.

Potential solutions:
- Is TypeOrmModule a valid NestJS module?
- If DataSource is a provider, is it part of the current TypeOrmModule?
- If DataSource is exported from a separate @Module, is that module imported within TypeOrmModule?
  @Module({
    imports: [ /* the Module containing DataSource */ ]
  })

    at TestingInjector.lookupComponentInParentModules (C:\Users\bandi\Documents\code\social-tippster\social-tippster\node_modules\@nestjs\core\injector\injector.js:262:19)
    at async TestingInjector.resolveComponentInstance (C:\Users\bandi\Documents\code\social-tippster\social-tippster\node_modules\@nestjs\core\injector\injector.js:215:33)
    at async TestingInjector.resolveComponentInstance (C:\Users\bandi\Documents\code\social-tippster\social-tippster\node_modules\@nestjs\testing\testing-injector.js:19:45)
    at async resolveParam (C:\Users\bandi\Documents\code\social-tippster\social-tippster\node_modules\@nestjs\core\injector\injector.js:129:38)
    at async Promise.all (index 0)
    at async TestingInjector.resolveConstructorParams (C:\Users\bandi\Documents\code\social-tippster\social-tippster\node_modules\@nestjs\core\injector\injector.js:144:27)
    at async TestingInjector.loadInstance (C:\Users\bandi\Documents\code\social-tippster\social-tippster\node_modules\@nestjs\core\injector\injector.js:70:13)
    at async TestingInjector.loadProvider (C:\Users\bandi\Documents\code\social-tippster\social-tippster\node_modules\@nestjs\core\injector\injector.js:98:9)
    at async C:\Users\bandi\Documents\code\social-tippster\social-tippster\node_modules\@nestjs\core\injector\instance-loader.js:56:13
    at async Promise.all (index 5)
    at async TestingInstanceLoader.createInstancesOfProviders (C:\Users\bandi\Documents\code\social-tippster\social-tippster\node_modules\@nestjs\core\injector\instance-loader.js:55:9)
    at async C:\Users\bandi\Documents\code\social-tippster\social-tippster\node_modules\@nestjs\core\injector\instance-loader.js:40:13
    at async Promise.all (index 9)
    at async TestingInstanceLoader.createInstances (C:\Users\bandi\Documents\code\social-tippster\social-tippster\node_modules\@nestjs\core\injector\instance-loader.js:39:9)
    at async TestingInstanceLoader.createInstancesOfDependencies (C:\Users\bandi\Documents\code\social-tippster\social-tippster\node_modules\@nestjs\core\injector\instance-loader.js:22:13)
    at async TestingInstanceLoader.createInstancesOfDependencies (C:\Users\bandi\Documents\code\social-tippster\social-tippster\node_modules\@nestjs\testing\testing-instance-loader.js:9:9)
    at async TestingModuleBuilder.createInstancesOfDependencies (C:\Users\bandi\Documents\code\social-tippster\social-tippster\node_modules\@nestjs\testing\testing-module.builder.js:118:9)
    at async TestingModuleBuilder.compile (C:\Users\bandi\Documents\code\social-tippster\social-tippster\node_modules\@nestjs\testing\testing-module.builder.js:74:9)
    at async Object.&lt;anonymous&gt; (C:\Users\bandi\Documents\code\social-tippster\social-tippster\tests\backend\auth-integration.spec.ts:48:17)</failure>
    </testcase>
    <testcase classname="Authentication System Integration Tests User Registration should reject registration with duplicate email" name="Authentication System Integration Tests User Registration should reject registration with duplicate email" time="0.031">
      <failure>Error: Nest can&apos;t resolve dependencies of the UserLoginRepository (?). Please make sure that the argument DataSource at index [0] is available in the TypeOrmModule context.

Potential solutions:
- Is TypeOrmModule a valid NestJS module?
- If DataSource is a provider, is it part of the current TypeOrmModule?
- If DataSource is exported from a separate @Module, is that module imported within TypeOrmModule?
  @Module({
    imports: [ /* the Module containing DataSource */ ]
  })

    at TestingInjector.lookupComponentInParentModules (C:\Users\bandi\Documents\code\social-tippster\social-tippster\node_modules\@nestjs\core\injector\injector.js:262:19)
    at async TestingInjector.resolveComponentInstance (C:\Users\bandi\Documents\code\social-tippster\social-tippster\node_modules\@nestjs\core\injector\injector.js:215:33)
    at async TestingInjector.resolveComponentInstance (C:\Users\bandi\Documents\code\social-tippster\social-tippster\node_modules\@nestjs\testing\testing-injector.js:19:45)
    at async resolveParam (C:\Users\bandi\Documents\code\social-tippster\social-tippster\node_modules\@nestjs\core\injector\injector.js:129:38)
    at async Promise.all (index 0)
    at async TestingInjector.resolveConstructorParams (C:\Users\bandi\Documents\code\social-tippster\social-tippster\node_modules\@nestjs\core\injector\injector.js:144:27)
    at async TestingInjector.loadInstance (C:\Users\bandi\Documents\code\social-tippster\social-tippster\node_modules\@nestjs\core\injector\injector.js:70:13)
    at async TestingInjector.loadProvider (C:\Users\bandi\Documents\code\social-tippster\social-tippster\node_modules\@nestjs\core\injector\injector.js:98:9)
    at async C:\Users\bandi\Documents\code\social-tippster\social-tippster\node_modules\@nestjs\core\injector\instance-loader.js:56:13
    at async Promise.all (index 5)
    at async TestingInstanceLoader.createInstancesOfProviders (C:\Users\bandi\Documents\code\social-tippster\social-tippster\node_modules\@nestjs\core\injector\instance-loader.js:55:9)
    at async C:\Users\bandi\Documents\code\social-tippster\social-tippster\node_modules\@nestjs\core\injector\instance-loader.js:40:13
    at async Promise.all (index 9)
    at async TestingInstanceLoader.createInstances (C:\Users\bandi\Documents\code\social-tippster\social-tippster\node_modules\@nestjs\core\injector\instance-loader.js:39:9)
    at async TestingInstanceLoader.createInstancesOfDependencies (C:\Users\bandi\Documents\code\social-tippster\social-tippster\node_modules\@nestjs\core\injector\instance-loader.js:22:13)
    at async TestingInstanceLoader.createInstancesOfDependencies (C:\Users\bandi\Documents\code\social-tippster\social-tippster\node_modules\@nestjs\testing\testing-instance-loader.js:9:9)
    at async TestingModuleBuilder.createInstancesOfDependencies (C:\Users\bandi\Documents\code\social-tippster\social-tippster\node_modules\@nestjs\testing\testing-module.builder.js:118:9)
    at async TestingModuleBuilder.compile (C:\Users\bandi\Documents\code\social-tippster\social-tippster\node_modules\@nestjs\testing\testing-module.builder.js:74:9)
    at async Object.&lt;anonymous&gt; (C:\Users\bandi\Documents\code\social-tippster\social-tippster\tests\backend\auth-integration.spec.ts:48:17)</failure>
    </testcase>
    <testcase classname="Authentication System Integration Tests User Registration should reject registration with duplicate username" name="Authentication System Integration Tests User Registration should reject registration with duplicate username" time="0.001">
      <failure>Error: Nest can&apos;t resolve dependencies of the UserLoginRepository (?). Please make sure that the argument DataSource at index [0] is available in the TypeOrmModule context.

Potential solutions:
- Is TypeOrmModule a valid NestJS module?
- If DataSource is a provider, is it part of the current TypeOrmModule?
- If DataSource is exported from a separate @Module, is that module imported within TypeOrmModule?
  @Module({
    imports: [ /* the Module containing DataSource */ ]
  })

    at TestingInjector.lookupComponentInParentModules (C:\Users\bandi\Documents\code\social-tippster\social-tippster\node_modules\@nestjs\core\injector\injector.js:262:19)
    at async TestingInjector.resolveComponentInstance (C:\Users\bandi\Documents\code\social-tippster\social-tippster\node_modules\@nestjs\core\injector\injector.js:215:33)
    at async TestingInjector.resolveComponentInstance (C:\Users\bandi\Documents\code\social-tippster\social-tippster\node_modules\@nestjs\testing\testing-injector.js:19:45)
    at async resolveParam (C:\Users\bandi\Documents\code\social-tippster\social-tippster\node_modules\@nestjs\core\injector\injector.js:129:38)
    at async Promise.all (index 0)
    at async TestingInjector.resolveConstructorParams (C:\Users\bandi\Documents\code\social-tippster\social-tippster\node_modules\@nestjs\core\injector\injector.js:144:27)
    at async TestingInjector.loadInstance (C:\Users\bandi\Documents\code\social-tippster\social-tippster\node_modules\@nestjs\core\injector\injector.js:70:13)
    at async TestingInjector.loadProvider (C:\Users\bandi\Documents\code\social-tippster\social-tippster\node_modules\@nestjs\core\injector\injector.js:98:9)
    at async C:\Users\bandi\Documents\code\social-tippster\social-tippster\node_modules\@nestjs\core\injector\instance-loader.js:56:13
    at async Promise.all (index 5)
    at async TestingInstanceLoader.createInstancesOfProviders (C:\Users\bandi\Documents\code\social-tippster\social-tippster\node_modules\@nestjs\core\injector\instance-loader.js:55:9)
    at async C:\Users\bandi\Documents\code\social-tippster\social-tippster\node_modules\@nestjs\core\injector\instance-loader.js:40:13
    at async Promise.all (index 9)
    at async TestingInstanceLoader.createInstances (C:\Users\bandi\Documents\code\social-tippster\social-tippster\node_modules\@nestjs\core\injector\instance-loader.js:39:9)
    at async TestingInstanceLoader.createInstancesOfDependencies (C:\Users\bandi\Documents\code\social-tippster\social-tippster\node_modules\@nestjs\core\injector\instance-loader.js:22:13)
    at async TestingInstanceLoader.createInstancesOfDependencies (C:\Users\bandi\Documents\code\social-tippster\social-tippster\node_modules\@nestjs\testing\testing-instance-loader.js:9:9)
    at async TestingModuleBuilder.createInstancesOfDependencies (C:\Users\bandi\Documents\code\social-tippster\social-tippster\node_modules\@nestjs\testing\testing-module.builder.js:118:9)
    at async TestingModuleBuilder.compile (C:\Users\bandi\Documents\code\social-tippster\social-tippster\node_modules\@nestjs\testing\testing-module.builder.js:74:9)
    at async Object.&lt;anonymous&gt; (C:\Users\bandi\Documents\code\social-tippster\social-tippster\tests\backend\auth-integration.spec.ts:48:17)</failure>
    </testcase>
    <testcase classname="Authentication System Integration Tests User Registration should validate required fields" name="Authentication System Integration Tests User Registration should validate required fields" time="0">
      <failure>Error: Nest can&apos;t resolve dependencies of the UserLoginRepository (?). Please make sure that the argument DataSource at index [0] is available in the TypeOrmModule context.

Potential solutions:
- Is TypeOrmModule a valid NestJS module?
- If DataSource is a provider, is it part of the current TypeOrmModule?
- If DataSource is exported from a separate @Module, is that module imported within TypeOrmModule?
  @Module({
    imports: [ /* the Module containing DataSource */ ]
  })

    at TestingInjector.lookupComponentInParentModules (C:\Users\bandi\Documents\code\social-tippster\social-tippster\node_modules\@nestjs\core\injector\injector.js:262:19)
    at async TestingInjector.resolveComponentInstance (C:\Users\bandi\Documents\code\social-tippster\social-tippster\node_modules\@nestjs\core\injector\injector.js:215:33)
    at async TestingInjector.resolveComponentInstance (C:\Users\bandi\Documents\code\social-tippster\social-tippster\node_modules\@nestjs\testing\testing-injector.js:19:45)
    at async resolveParam (C:\Users\bandi\Documents\code\social-tippster\social-tippster\node_modules\@nestjs\core\injector\injector.js:129:38)
    at async Promise.all (index 0)
    at async TestingInjector.resolveConstructorParams (C:\Users\bandi\Documents\code\social-tippster\social-tippster\node_modules\@nestjs\core\injector\injector.js:144:27)
    at async TestingInjector.loadInstance (C:\Users\bandi\Documents\code\social-tippster\social-tippster\node_modules\@nestjs\core\injector\injector.js:70:13)
    at async TestingInjector.loadProvider (C:\Users\bandi\Documents\code\social-tippster\social-tippster\node_modules\@nestjs\core\injector\injector.js:98:9)
    at async C:\Users\bandi\Documents\code\social-tippster\social-tippster\node_modules\@nestjs\core\injector\instance-loader.js:56:13
    at async Promise.all (index 5)
    at async TestingInstanceLoader.createInstancesOfProviders (C:\Users\bandi\Documents\code\social-tippster\social-tippster\node_modules\@nestjs\core\injector\instance-loader.js:55:9)
    at async C:\Users\bandi\Documents\code\social-tippster\social-tippster\node_modules\@nestjs\core\injector\instance-loader.js:40:13
    at async Promise.all (index 9)
    at async TestingInstanceLoader.createInstances (C:\Users\bandi\Documents\code\social-tippster\social-tippster\node_modules\@nestjs\core\injector\instance-loader.js:39:9)
    at async TestingInstanceLoader.createInstancesOfDependencies (C:\Users\bandi\Documents\code\social-tippster\social-tippster\node_modules\@nestjs\core\injector\instance-loader.js:22:13)
    at async TestingInstanceLoader.createInstancesOfDependencies (C:\Users\bandi\Documents\code\social-tippster\social-tippster\node_modules\@nestjs\testing\testing-instance-loader.js:9:9)
    at async TestingModuleBuilder.createInstancesOfDependencies (C:\Users\bandi\Documents\code\social-tippster\social-tippster\node_modules\@nestjs\testing\testing-module.builder.js:118:9)
    at async TestingModuleBuilder.compile (C:\Users\bandi\Documents\code\social-tippster\social-tippster\node_modules\@nestjs\testing\testing-module.builder.js:74:9)
    at async Object.&lt;anonymous&gt; (C:\Users\bandi\Documents\code\social-tippster\social-tippster\tests\backend\auth-integration.spec.ts:48:17)</failure>
    </testcase>
    <testcase classname="Authentication System Integration Tests User Registration should validate email format" name="Authentication System Integration Tests User Registration should validate email format" time="0">
      <failure>Error: Nest can&apos;t resolve dependencies of the UserLoginRepository (?). Please make sure that the argument DataSource at index [0] is available in the TypeOrmModule context.

Potential solutions:
- Is TypeOrmModule a valid NestJS module?
- If DataSource is a provider, is it part of the current TypeOrmModule?
- If DataSource is exported from a separate @Module, is that module imported within TypeOrmModule?
  @Module({
    imports: [ /* the Module containing DataSource */ ]
  })

    at TestingInjector.lookupComponentInParentModules (C:\Users\bandi\Documents\code\social-tippster\social-tippster\node_modules\@nestjs\core\injector\injector.js:262:19)
    at async TestingInjector.resolveComponentInstance (C:\Users\bandi\Documents\code\social-tippster\social-tippster\node_modules\@nestjs\core\injector\injector.js:215:33)
    at async TestingInjector.resolveComponentInstance (C:\Users\bandi\Documents\code\social-tippster\social-tippster\node_modules\@nestjs\testing\testing-injector.js:19:45)
    at async resolveParam (C:\Users\bandi\Documents\code\social-tippster\social-tippster\node_modules\@nestjs\core\injector\injector.js:129:38)
    at async Promise.all (index 0)
    at async TestingInjector.resolveConstructorParams (C:\Users\bandi\Documents\code\social-tippster\social-tippster\node_modules\@nestjs\core\injector\injector.js:144:27)
    at async TestingInjector.loadInstance (C:\Users\bandi\Documents\code\social-tippster\social-tippster\node_modules\@nestjs\core\injector\injector.js:70:13)
    at async TestingInjector.loadProvider (C:\Users\bandi\Documents\code\social-tippster\social-tippster\node_modules\@nestjs\core\injector\injector.js:98:9)
    at async C:\Users\bandi\Documents\code\social-tippster\social-tippster\node_modules\@nestjs\core\injector\instance-loader.js:56:13
    at async Promise.all (index 5)
    at async TestingInstanceLoader.createInstancesOfProviders (C:\Users\bandi\Documents\code\social-tippster\social-tippster\node_modules\@nestjs\core\injector\instance-loader.js:55:9)
    at async C:\Users\bandi\Documents\code\social-tippster\social-tippster\node_modules\@nestjs\core\injector\instance-loader.js:40:13
    at async Promise.all (index 9)
    at async TestingInstanceLoader.createInstances (C:\Users\bandi\Documents\code\social-tippster\social-tippster\node_modules\@nestjs\core\injector\instance-loader.js:39:9)
    at async TestingInstanceLoader.createInstancesOfDependencies (C:\Users\bandi\Documents\code\social-tippster\social-tippster\node_modules\@nestjs\core\injector\instance-loader.js:22:13)
    at async TestingInstanceLoader.createInstancesOfDependencies (C:\Users\bandi\Documents\code\social-tippster\social-tippster\node_modules\@nestjs\testing\testing-instance-loader.js:9:9)
    at async TestingModuleBuilder.createInstancesOfDependencies (C:\Users\bandi\Documents\code\social-tippster\social-tippster\node_modules\@nestjs\testing\testing-module.builder.js:118:9)
    at async TestingModuleBuilder.compile (C:\Users\bandi\Documents\code\social-tippster\social-tippster\node_modules\@nestjs\testing\testing-module.builder.js:74:9)
    at async Object.&lt;anonymous&gt; (C:\Users\bandi\Documents\code\social-tippster\social-tippster\tests\backend\auth-integration.spec.ts:48:17)</failure>
    </testcase>
    <testcase classname="Authentication System Integration Tests User Registration should validate password minimum length" name="Authentication System Integration Tests User Registration should validate password minimum length" time="0">
      <failure>Error: Nest can&apos;t resolve dependencies of the UserLoginRepository (?). Please make sure that the argument DataSource at index [0] is available in the TypeOrmModule context.

Potential solutions:
- Is TypeOrmModule a valid NestJS module?
- If DataSource is a provider, is it part of the current TypeOrmModule?
- If DataSource is exported from a separate @Module, is that module imported within TypeOrmModule?
  @Module({
    imports: [ /* the Module containing DataSource */ ]
  })

    at TestingInjector.lookupComponentInParentModules (C:\Users\bandi\Documents\code\social-tippster\social-tippster\node_modules\@nestjs\core\injector\injector.js:262:19)
    at async TestingInjector.resolveComponentInstance (C:\Users\bandi\Documents\code\social-tippster\social-tippster\node_modules\@nestjs\core\injector\injector.js:215:33)
    at async TestingInjector.resolveComponentInstance (C:\Users\bandi\Documents\code\social-tippster\social-tippster\node_modules\@nestjs\testing\testing-injector.js:19:45)
    at async resolveParam (C:\Users\bandi\Documents\code\social-tippster\social-tippster\node_modules\@nestjs\core\injector\injector.js:129:38)
    at async Promise.all (index 0)
    at async TestingInjector.resolveConstructorParams (C:\Users\bandi\Documents\code\social-tippster\social-tippster\node_modules\@nestjs\core\injector\injector.js:144:27)
    at async TestingInjector.loadInstance (C:\Users\bandi\Documents\code\social-tippster\social-tippster\node_modules\@nestjs\core\injector\injector.js:70:13)
    at async TestingInjector.loadProvider (C:\Users\bandi\Documents\code\social-tippster\social-tippster\node_modules\@nestjs\core\injector\injector.js:98:9)
    at async C:\Users\bandi\Documents\code\social-tippster\social-tippster\node_modules\@nestjs\core\injector\instance-loader.js:56:13
    at async Promise.all (index 5)
    at async TestingInstanceLoader.createInstancesOfProviders (C:\Users\bandi\Documents\code\social-tippster\social-tippster\node_modules\@nestjs\core\injector\instance-loader.js:55:9)
    at async C:\Users\bandi\Documents\code\social-tippster\social-tippster\node_modules\@nestjs\core\injector\instance-loader.js:40:13
    at async Promise.all (index 9)
    at async TestingInstanceLoader.createInstances (C:\Users\bandi\Documents\code\social-tippster\social-tippster\node_modules\@nestjs\core\injector\instance-loader.js:39:9)
    at async TestingInstanceLoader.createInstancesOfDependencies (C:\Users\bandi\Documents\code\social-tippster\social-tippster\node_modules\@nestjs\core\injector\instance-loader.js:22:13)
    at async TestingInstanceLoader.createInstancesOfDependencies (C:\Users\bandi\Documents\code\social-tippster\social-tippster\node_modules\@nestjs\testing\testing-instance-loader.js:9:9)
    at async TestingModuleBuilder.createInstancesOfDependencies (C:\Users\bandi\Documents\code\social-tippster\social-tippster\node_modules\@nestjs\testing\testing-module.builder.js:118:9)
    at async TestingModuleBuilder.compile (C:\Users\bandi\Documents\code\social-tippster\social-tippster\node_modules\@nestjs\testing\testing-module.builder.js:74:9)
    at async Object.&lt;anonymous&gt; (C:\Users\bandi\Documents\code\social-tippster\social-tippster\tests\backend\auth-integration.spec.ts:48:17)</failure>
    </testcase>
    <testcase classname="Authentication System Integration Tests User Login should login successfully with correct credentials" name="Authentication System Integration Tests User Login should login successfully with correct credentials" time="0">
      <failure>Error: Nest can&apos;t resolve dependencies of the UserLoginRepository (?). Please make sure that the argument DataSource at index [0] is available in the TypeOrmModule context.

Potential solutions:
- Is TypeOrmModule a valid NestJS module?
- If DataSource is a provider, is it part of the current TypeOrmModule?
- If DataSource is exported from a separate @Module, is that module imported within TypeOrmModule?
  @Module({
    imports: [ /* the Module containing DataSource */ ]
  })

    at TestingInjector.lookupComponentInParentModules (C:\Users\bandi\Documents\code\social-tippster\social-tippster\node_modules\@nestjs\core\injector\injector.js:262:19)
    at async TestingInjector.resolveComponentInstance (C:\Users\bandi\Documents\code\social-tippster\social-tippster\node_modules\@nestjs\core\injector\injector.js:215:33)
    at async TestingInjector.resolveComponentInstance (C:\Users\bandi\Documents\code\social-tippster\social-tippster\node_modules\@nestjs\testing\testing-injector.js:19:45)
    at async resolveParam (C:\Users\bandi\Documents\code\social-tippster\social-tippster\node_modules\@nestjs\core\injector\injector.js:129:38)
    at async Promise.all (index 0)
    at async TestingInjector.resolveConstructorParams (C:\Users\bandi\Documents\code\social-tippster\social-tippster\node_modules\@nestjs\core\injector\injector.js:144:27)
    at async TestingInjector.loadInstance (C:\Users\bandi\Documents\code\social-tippster\social-tippster\node_modules\@nestjs\core\injector\injector.js:70:13)
    at async TestingInjector.loadProvider (C:\Users\bandi\Documents\code\social-tippster\social-tippster\node_modules\@nestjs\core\injector\injector.js:98:9)
    at async C:\Users\bandi\Documents\code\social-tippster\social-tippster\node_modules\@nestjs\core\injector\instance-loader.js:56:13
    at async Promise.all (index 5)
    at async TestingInstanceLoader.createInstancesOfProviders (C:\Users\bandi\Documents\code\social-tippster\social-tippster\node_modules\@nestjs\core\injector\instance-loader.js:55:9)
    at async C:\Users\bandi\Documents\code\social-tippster\social-tippster\node_modules\@nestjs\core\injector\instance-loader.js:40:13
    at async Promise.all (index 9)
    at async TestingInstanceLoader.createInstances (C:\Users\bandi\Documents\code\social-tippster\social-tippster\node_modules\@nestjs\core\injector\instance-loader.js:39:9)
    at async TestingInstanceLoader.createInstancesOfDependencies (C:\Users\bandi\Documents\code\social-tippster\social-tippster\node_modules\@nestjs\core\injector\instance-loader.js:22:13)
    at async TestingInstanceLoader.createInstancesOfDependencies (C:\Users\bandi\Documents\code\social-tippster\social-tippster\node_modules\@nestjs\testing\testing-instance-loader.js:9:9)
    at async TestingModuleBuilder.createInstancesOfDependencies (C:\Users\bandi\Documents\code\social-tippster\social-tippster\node_modules\@nestjs\testing\testing-module.builder.js:118:9)
    at async TestingModuleBuilder.compile (C:\Users\bandi\Documents\code\social-tippster\social-tippster\node_modules\@nestjs\testing\testing-module.builder.js:74:9)
    at async Object.&lt;anonymous&gt; (C:\Users\bandi\Documents\code\social-tippster\social-tippster\tests\backend\auth-integration.spec.ts:48:17)</failure>
    </testcase>
    <testcase classname="Authentication System Integration Tests User Login should reject login with incorrect password" name="Authentication System Integration Tests User Login should reject login with incorrect password" time="0">
      <failure>Error: Nest can&apos;t resolve dependencies of the UserLoginRepository (?). Please make sure that the argument DataSource at index [0] is available in the TypeOrmModule context.

Potential solutions:
- Is TypeOrmModule a valid NestJS module?
- If DataSource is a provider, is it part of the current TypeOrmModule?
- If DataSource is exported from a separate @Module, is that module imported within TypeOrmModule?
  @Module({
    imports: [ /* the Module containing DataSource */ ]
  })

    at TestingInjector.lookupComponentInParentModules (C:\Users\bandi\Documents\code\social-tippster\social-tippster\node_modules\@nestjs\core\injector\injector.js:262:19)
    at async TestingInjector.resolveComponentInstance (C:\Users\bandi\Documents\code\social-tippster\social-tippster\node_modules\@nestjs\core\injector\injector.js:215:33)
    at async TestingInjector.resolveComponentInstance (C:\Users\bandi\Documents\code\social-tippster\social-tippster\node_modules\@nestjs\testing\testing-injector.js:19:45)
    at async resolveParam (C:\Users\bandi\Documents\code\social-tippster\social-tippster\node_modules\@nestjs\core\injector\injector.js:129:38)
    at async Promise.all (index 0)
    at async TestingInjector.resolveConstructorParams (C:\Users\bandi\Documents\code\social-tippster\social-tippster\node_modules\@nestjs\core\injector\injector.js:144:27)
    at async TestingInjector.loadInstance (C:\Users\bandi\Documents\code\social-tippster\social-tippster\node_modules\@nestjs\core\injector\injector.js:70:13)
    at async TestingInjector.loadProvider (C:\Users\bandi\Documents\code\social-tippster\social-tippster\node_modules\@nestjs\core\injector\injector.js:98:9)
    at async C:\Users\bandi\Documents\code\social-tippster\social-tippster\node_modules\@nestjs\core\injector\instance-loader.js:56:13
    at async Promise.all (index 5)
    at async TestingInstanceLoader.createInstancesOfProviders (C:\Users\bandi\Documents\code\social-tippster\social-tippster\node_modules\@nestjs\core\injector\instance-loader.js:55:9)
    at async C:\Users\bandi\Documents\code\social-tippster\social-tippster\node_modules\@nestjs\core\injector\instance-loader.js:40:13
    at async Promise.all (index 9)
    at async TestingInstanceLoader.createInstances (C:\Users\bandi\Documents\code\social-tippster\social-tippster\node_modules\@nestjs\core\injector\instance-loader.js:39:9)
    at async TestingInstanceLoader.createInstancesOfDependencies (C:\Users\bandi\Documents\code\social-tippster\social-tippster\node_modules\@nestjs\core\injector\instance-loader.js:22:13)
    at async TestingInstanceLoader.createInstancesOfDependencies (C:\Users\bandi\Documents\code\social-tippster\social-tippster\node_modules\@nestjs\testing\testing-instance-loader.js:9:9)
    at async TestingModuleBuilder.createInstancesOfDependencies (C:\Users\bandi\Documents\code\social-tippster\social-tippster\node_modules\@nestjs\testing\testing-module.builder.js:118:9)
    at async TestingModuleBuilder.compile (C:\Users\bandi\Documents\code\social-tippster\social-tippster\node_modules\@nestjs\testing\testing-module.builder.js:74:9)
    at async Object.&lt;anonymous&gt; (C:\Users\bandi\Documents\code\social-tippster\social-tippster\tests\backend\auth-integration.spec.ts:48:17)</failure>
    </testcase>
    <testcase classname="Authentication System Integration Tests User Login should reject login with non-existent email" name="Authentication System Integration Tests User Login should reject login with non-existent email" time="0.001">
      <failure>Error: Nest can&apos;t resolve dependencies of the UserLoginRepository (?). Please make sure that the argument DataSource at index [0] is available in the TypeOrmModule context.

Potential solutions:
- Is TypeOrmModule a valid NestJS module?
- If DataSource is a provider, is it part of the current TypeOrmModule?
- If DataSource is exported from a separate @Module, is that module imported within TypeOrmModule?
  @Module({
    imports: [ /* the Module containing DataSource */ ]
  })

    at TestingInjector.lookupComponentInParentModules (C:\Users\bandi\Documents\code\social-tippster\social-tippster\node_modules\@nestjs\core\injector\injector.js:262:19)
    at async TestingInjector.resolveComponentInstance (C:\Users\bandi\Documents\code\social-tippster\social-tippster\node_modules\@nestjs\core\injector\injector.js:215:33)
    at async TestingInjector.resolveComponentInstance (C:\Users\bandi\Documents\code\social-tippster\social-tippster\node_modules\@nestjs\testing\testing-injector.js:19:45)
    at async resolveParam (C:\Users\bandi\Documents\code\social-tippster\social-tippster\node_modules\@nestjs\core\injector\injector.js:129:38)
    at async Promise.all (index 0)
    at async TestingInjector.resolveConstructorParams (C:\Users\bandi\Documents\code\social-tippster\social-tippster\node_modules\@nestjs\core\injector\injector.js:144:27)
    at async TestingInjector.loadInstance (C:\Users\bandi\Documents\code\social-tippster\social-tippster\node_modules\@nestjs\core\injector\injector.js:70:13)
    at async TestingInjector.loadProvider (C:\Users\bandi\Documents\code\social-tippster\social-tippster\node_modules\@nestjs\core\injector\injector.js:98:9)
    at async C:\Users\bandi\Documents\code\social-tippster\social-tippster\node_modules\@nestjs\core\injector\instance-loader.js:56:13
    at async Promise.all (index 5)
    at async TestingInstanceLoader.createInstancesOfProviders (C:\Users\bandi\Documents\code\social-tippster\social-tippster\node_modules\@nestjs\core\injector\instance-loader.js:55:9)
    at async C:\Users\bandi\Documents\code\social-tippster\social-tippster\node_modules\@nestjs\core\injector\instance-loader.js:40:13
    at async Promise.all (index 9)
    at async TestingInstanceLoader.createInstances (C:\Users\bandi\Documents\code\social-tippster\social-tippster\node_modules\@nestjs\core\injector\instance-loader.js:39:9)
    at async TestingInstanceLoader.createInstancesOfDependencies (C:\Users\bandi\Documents\code\social-tippster\social-tippster\node_modules\@nestjs\core\injector\instance-loader.js:22:13)
    at async TestingInstanceLoader.createInstancesOfDependencies (C:\Users\bandi\Documents\code\social-tippster\social-tippster\node_modules\@nestjs\testing\testing-instance-loader.js:9:9)
    at async TestingModuleBuilder.createInstancesOfDependencies (C:\Users\bandi\Documents\code\social-tippster\social-tippster\node_modules\@nestjs\testing\testing-module.builder.js:118:9)
    at async TestingModuleBuilder.compile (C:\Users\bandi\Documents\code\social-tippster\social-tippster\node_modules\@nestjs\testing\testing-module.builder.js:74:9)
    at async Object.&lt;anonymous&gt; (C:\Users\bandi\Documents\code\social-tippster\social-tippster\tests\backend\auth-integration.spec.ts:48:17)</failure>
    </testcase>
    <testcase classname="Authentication System Integration Tests User Login should implement brute force protection" name="Authentication System Integration Tests User Login should implement brute force protection" time="0">
      <failure>Error: Nest can&apos;t resolve dependencies of the UserLoginRepository (?). Please make sure that the argument DataSource at index [0] is available in the TypeOrmModule context.

Potential solutions:
- Is TypeOrmModule a valid NestJS module?
- If DataSource is a provider, is it part of the current TypeOrmModule?
- If DataSource is exported from a separate @Module, is that module imported within TypeOrmModule?
  @Module({
    imports: [ /* the Module containing DataSource */ ]
  })

    at TestingInjector.lookupComponentInParentModules (C:\Users\bandi\Documents\code\social-tippster\social-tippster\node_modules\@nestjs\core\injector\injector.js:262:19)
    at async TestingInjector.resolveComponentInstance (C:\Users\bandi\Documents\code\social-tippster\social-tippster\node_modules\@nestjs\core\injector\injector.js:215:33)
    at async TestingInjector.resolveComponentInstance (C:\Users\bandi\Documents\code\social-tippster\social-tippster\node_modules\@nestjs\testing\testing-injector.js:19:45)
    at async resolveParam (C:\Users\bandi\Documents\code\social-tippster\social-tippster\node_modules\@nestjs\core\injector\injector.js:129:38)
    at async Promise.all (index 0)
    at async TestingInjector.resolveConstructorParams (C:\Users\bandi\Documents\code\social-tippster\social-tippster\node_modules\@nestjs\core\injector\injector.js:144:27)
    at async TestingInjector.loadInstance (C:\Users\bandi\Documents\code\social-tippster\social-tippster\node_modules\@nestjs\core\injector\injector.js:70:13)
    at async TestingInjector.loadProvider (C:\Users\bandi\Documents\code\social-tippster\social-tippster\node_modules\@nestjs\core\injector\injector.js:98:9)
    at async C:\Users\bandi\Documents\code\social-tippster\social-tippster\node_modules\@nestjs\core\injector\instance-loader.js:56:13
    at async Promise.all (index 5)
    at async TestingInstanceLoader.createInstancesOfProviders (C:\Users\bandi\Documents\code\social-tippster\social-tippster\node_modules\@nestjs\core\injector\instance-loader.js:55:9)
    at async C:\Users\bandi\Documents\code\social-tippster\social-tippster\node_modules\@nestjs\core\injector\instance-loader.js:40:13
    at async Promise.all (index 9)
    at async TestingInstanceLoader.createInstances (C:\Users\bandi\Documents\code\social-tippster\social-tippster\node_modules\@nestjs\core\injector\instance-loader.js:39:9)
    at async TestingInstanceLoader.createInstancesOfDependencies (C:\Users\bandi\Documents\code\social-tippster\social-tippster\node_modules\@nestjs\core\injector\instance-loader.js:22:13)
    at async TestingInstanceLoader.createInstancesOfDependencies (C:\Users\bandi\Documents\code\social-tippster\social-tippster\node_modules\@nestjs\testing\testing-instance-loader.js:9:9)
    at async TestingModuleBuilder.createInstancesOfDependencies (C:\Users\bandi\Documents\code\social-tippster\social-tippster\node_modules\@nestjs\testing\testing-module.builder.js:118:9)
    at async TestingModuleBuilder.compile (C:\Users\bandi\Documents\code\social-tippster\social-tippster\node_modules\@nestjs\testing\testing-module.builder.js:74:9)
    at async Object.&lt;anonymous&gt; (C:\Users\bandi\Documents\code\social-tippster\social-tippster\tests\backend\auth-integration.spec.ts:48:17)</failure>
    </testcase>
    <testcase classname="Authentication System Integration Tests User Login should validate login input" name="Authentication System Integration Tests User Login should validate login input" time="0">
      <failure>Error: Nest can&apos;t resolve dependencies of the UserLoginRepository (?). Please make sure that the argument DataSource at index [0] is available in the TypeOrmModule context.

Potential solutions:
- Is TypeOrmModule a valid NestJS module?
- If DataSource is a provider, is it part of the current TypeOrmModule?
- If DataSource is exported from a separate @Module, is that module imported within TypeOrmModule?
  @Module({
    imports: [ /* the Module containing DataSource */ ]
  })

    at TestingInjector.lookupComponentInParentModules (C:\Users\bandi\Documents\code\social-tippster\social-tippster\node_modules\@nestjs\core\injector\injector.js:262:19)
    at async TestingInjector.resolveComponentInstance (C:\Users\bandi\Documents\code\social-tippster\social-tippster\node_modules\@nestjs\core\injector\injector.js:215:33)
    at async TestingInjector.resolveComponentInstance (C:\Users\bandi\Documents\code\social-tippster\social-tippster\node_modules\@nestjs\testing\testing-injector.js:19:45)
    at async resolveParam (C:\Users\bandi\Documents\code\social-tippster\social-tippster\node_modules\@nestjs\core\injector\injector.js:129:38)
    at async Promise.all (index 0)
    at async TestingInjector.resolveConstructorParams (C:\Users\bandi\Documents\code\social-tippster\social-tippster\node_modules\@nestjs\core\injector\injector.js:144:27)
    at async TestingInjector.loadInstance (C:\Users\bandi\Documents\code\social-tippster\social-tippster\node_modules\@nestjs\core\injector\injector.js:70:13)
    at async TestingInjector.loadProvider (C:\Users\bandi\Documents\code\social-tippster\social-tippster\node_modules\@nestjs\core\injector\injector.js:98:9)
    at async C:\Users\bandi\Documents\code\social-tippster\social-tippster\node_modules\@nestjs\core\injector\instance-loader.js:56:13
    at async Promise.all (index 5)
    at async TestingInstanceLoader.createInstancesOfProviders (C:\Users\bandi\Documents\code\social-tippster\social-tippster\node_modules\@nestjs\core\injector\instance-loader.js:55:9)
    at async C:\Users\bandi\Documents\code\social-tippster\social-tippster\node_modules\@nestjs\core\injector\instance-loader.js:40:13
    at async Promise.all (index 9)
    at async TestingInstanceLoader.createInstances (C:\Users\bandi\Documents\code\social-tippster\social-tippster\node_modules\@nestjs\core\injector\instance-loader.js:39:9)
    at async TestingInstanceLoader.createInstancesOfDependencies (C:\Users\bandi\Documents\code\social-tippster\social-tippster\node_modules\@nestjs\core\injector\instance-loader.js:22:13)
    at async TestingInstanceLoader.createInstancesOfDependencies (C:\Users\bandi\Documents\code\social-tippster\social-tippster\node_modules\@nestjs\testing\testing-instance-loader.js:9:9)
    at async TestingModuleBuilder.createInstancesOfDependencies (C:\Users\bandi\Documents\code\social-tippster\social-tippster\node_modules\@nestjs\testing\testing-module.builder.js:118:9)
    at async TestingModuleBuilder.compile (C:\Users\bandi\Documents\code\social-tippster\social-tippster\node_modules\@nestjs\testing\testing-module.builder.js:74:9)
    at async Object.&lt;anonymous&gt; (C:\Users\bandi\Documents\code\social-tippster\social-tippster\tests\backend\auth-integration.spec.ts:48:17)</failure>
    </testcase>
    <testcase classname="Authentication System Integration Tests Protected Routes should access protected route with valid token" name="Authentication System Integration Tests Protected Routes should access protected route with valid token" time="0">
      <failure>Error: Nest can&apos;t resolve dependencies of the UserLoginRepository (?). Please make sure that the argument DataSource at index [0] is available in the TypeOrmModule context.

Potential solutions:
- Is TypeOrmModule a valid NestJS module?
- If DataSource is a provider, is it part of the current TypeOrmModule?
- If DataSource is exported from a separate @Module, is that module imported within TypeOrmModule?
  @Module({
    imports: [ /* the Module containing DataSource */ ]
  })

    at TestingInjector.lookupComponentInParentModules (C:\Users\bandi\Documents\code\social-tippster\social-tippster\node_modules\@nestjs\core\injector\injector.js:262:19)
    at async TestingInjector.resolveComponentInstance (C:\Users\bandi\Documents\code\social-tippster\social-tippster\node_modules\@nestjs\core\injector\injector.js:215:33)
    at async TestingInjector.resolveComponentInstance (C:\Users\bandi\Documents\code\social-tippster\social-tippster\node_modules\@nestjs\testing\testing-injector.js:19:45)
    at async resolveParam (C:\Users\bandi\Documents\code\social-tippster\social-tippster\node_modules\@nestjs\core\injector\injector.js:129:38)
    at async Promise.all (index 0)
    at async TestingInjector.resolveConstructorParams (C:\Users\bandi\Documents\code\social-tippster\social-tippster\node_modules\@nestjs\core\injector\injector.js:144:27)
    at async TestingInjector.loadInstance (C:\Users\bandi\Documents\code\social-tippster\social-tippster\node_modules\@nestjs\core\injector\injector.js:70:13)
    at async TestingInjector.loadProvider (C:\Users\bandi\Documents\code\social-tippster\social-tippster\node_modules\@nestjs\core\injector\injector.js:98:9)
    at async C:\Users\bandi\Documents\code\social-tippster\social-tippster\node_modules\@nestjs\core\injector\instance-loader.js:56:13
    at async Promise.all (index 5)
    at async TestingInstanceLoader.createInstancesOfProviders (C:\Users\bandi\Documents\code\social-tippster\social-tippster\node_modules\@nestjs\core\injector\instance-loader.js:55:9)
    at async C:\Users\bandi\Documents\code\social-tippster\social-tippster\node_modules\@nestjs\core\injector\instance-loader.js:40:13
    at async Promise.all (index 9)
    at async TestingInstanceLoader.createInstances (C:\Users\bandi\Documents\code\social-tippster\social-tippster\node_modules\@nestjs\core\injector\instance-loader.js:39:9)
    at async TestingInstanceLoader.createInstancesOfDependencies (C:\Users\bandi\Documents\code\social-tippster\social-tippster\node_modules\@nestjs\core\injector\instance-loader.js:22:13)
    at async TestingInstanceLoader.createInstancesOfDependencies (C:\Users\bandi\Documents\code\social-tippster\social-tippster\node_modules\@nestjs\testing\testing-instance-loader.js:9:9)
    at async TestingModuleBuilder.createInstancesOfDependencies (C:\Users\bandi\Documents\code\social-tippster\social-tippster\node_modules\@nestjs\testing\testing-module.builder.js:118:9)
    at async TestingModuleBuilder.compile (C:\Users\bandi\Documents\code\social-tippster\social-tippster\node_modules\@nestjs\testing\testing-module.builder.js:74:9)
    at async Object.&lt;anonymous&gt; (C:\Users\bandi\Documents\code\social-tippster\social-tippster\tests\backend\auth-integration.spec.ts:48:17)</failure>
    </testcase>
    <testcase classname="Authentication System Integration Tests Protected Routes should reject access without token" name="Authentication System Integration Tests Protected Routes should reject access without token" time="0.001">
      <failure>Error: Nest can&apos;t resolve dependencies of the UserLoginRepository (?). Please make sure that the argument DataSource at index [0] is available in the TypeOrmModule context.

Potential solutions:
- Is TypeOrmModule a valid NestJS module?
- If DataSource is a provider, is it part of the current TypeOrmModule?
- If DataSource is exported from a separate @Module, is that module imported within TypeOrmModule?
  @Module({
    imports: [ /* the Module containing DataSource */ ]
  })

    at TestingInjector.lookupComponentInParentModules (C:\Users\bandi\Documents\code\social-tippster\social-tippster\node_modules\@nestjs\core\injector\injector.js:262:19)
    at async TestingInjector.resolveComponentInstance (C:\Users\bandi\Documents\code\social-tippster\social-tippster\node_modules\@nestjs\core\injector\injector.js:215:33)
    at async TestingInjector.resolveComponentInstance (C:\Users\bandi\Documents\code\social-tippster\social-tippster\node_modules\@nestjs\testing\testing-injector.js:19:45)
    at async resolveParam (C:\Users\bandi\Documents\code\social-tippster\social-tippster\node_modules\@nestjs\core\injector\injector.js:129:38)
    at async Promise.all (index 0)
    at async TestingInjector.resolveConstructorParams (C:\Users\bandi\Documents\code\social-tippster\social-tippster\node_modules\@nestjs\core\injector\injector.js:144:27)
    at async TestingInjector.loadInstance (C:\Users\bandi\Documents\code\social-tippster\social-tippster\node_modules\@nestjs\core\injector\injector.js:70:13)
    at async TestingInjector.loadProvider (C:\Users\bandi\Documents\code\social-tippster\social-tippster\node_modules\@nestjs\core\injector\injector.js:98:9)
    at async C:\Users\bandi\Documents\code\social-tippster\social-tippster\node_modules\@nestjs\core\injector\instance-loader.js:56:13
    at async Promise.all (index 5)
    at async TestingInstanceLoader.createInstancesOfProviders (C:\Users\bandi\Documents\code\social-tippster\social-tippster\node_modules\@nestjs\core\injector\instance-loader.js:55:9)
    at async C:\Users\bandi\Documents\code\social-tippster\social-tippster\node_modules\@nestjs\core\injector\instance-loader.js:40:13
    at async Promise.all (index 9)
    at async TestingInstanceLoader.createInstances (C:\Users\bandi\Documents\code\social-tippster\social-tippster\node_modules\@nestjs\core\injector\instance-loader.js:39:9)
    at async TestingInstanceLoader.createInstancesOfDependencies (C:\Users\bandi\Documents\code\social-tippster\social-tippster\node_modules\@nestjs\core\injector\instance-loader.js:22:13)
    at async TestingInstanceLoader.createInstancesOfDependencies (C:\Users\bandi\Documents\code\social-tippster\social-tippster\node_modules\@nestjs\testing\testing-instance-loader.js:9:9)
    at async TestingModuleBuilder.createInstancesOfDependencies (C:\Users\bandi\Documents\code\social-tippster\social-tippster\node_modules\@nestjs\testing\testing-module.builder.js:118:9)
    at async TestingModuleBuilder.compile (C:\Users\bandi\Documents\code\social-tippster\social-tippster\node_modules\@nestjs\testing\testing-module.builder.js:74:9)
    at async Object.&lt;anonymous&gt; (C:\Users\bandi\Documents\code\social-tippster\social-tippster\tests\backend\auth-integration.spec.ts:48:17)</failure>
    </testcase>
    <testcase classname="Authentication System Integration Tests Protected Routes should reject access with invalid token" name="Authentication System Integration Tests Protected Routes should reject access with invalid token" time="0">
      <failure>Error: Nest can&apos;t resolve dependencies of the UserLoginRepository (?). Please make sure that the argument DataSource at index [0] is available in the TypeOrmModule context.

Potential solutions:
- Is TypeOrmModule a valid NestJS module?
- If DataSource is a provider, is it part of the current TypeOrmModule?
- If DataSource is exported from a separate @Module, is that module imported within TypeOrmModule?
  @Module({
    imports: [ /* the Module containing DataSource */ ]
  })

    at TestingInjector.lookupComponentInParentModules (C:\Users\bandi\Documents\code\social-tippster\social-tippster\node_modules\@nestjs\core\injector\injector.js:262:19)
    at async TestingInjector.resolveComponentInstance (C:\Users\bandi\Documents\code\social-tippster\social-tippster\node_modules\@nestjs\core\injector\injector.js:215:33)
    at async TestingInjector.resolveComponentInstance (C:\Users\bandi\Documents\code\social-tippster\social-tippster\node_modules\@nestjs\testing\testing-injector.js:19:45)
    at async resolveParam (C:\Users\bandi\Documents\code\social-tippster\social-tippster\node_modules\@nestjs\core\injector\injector.js:129:38)
    at async Promise.all (index 0)
    at async TestingInjector.resolveConstructorParams (C:\Users\bandi\Documents\code\social-tippster\social-tippster\node_modules\@nestjs\core\injector\injector.js:144:27)
    at async TestingInjector.loadInstance (C:\Users\bandi\Documents\code\social-tippster\social-tippster\node_modules\@nestjs\core\injector\injector.js:70:13)
    at async TestingInjector.loadProvider (C:\Users\bandi\Documents\code\social-tippster\social-tippster\node_modules\@nestjs\core\injector\injector.js:98:9)
    at async C:\Users\bandi\Documents\code\social-tippster\social-tippster\node_modules\@nestjs\core\injector\instance-loader.js:56:13
    at async Promise.all (index 5)
    at async TestingInstanceLoader.createInstancesOfProviders (C:\Users\bandi\Documents\code\social-tippster\social-tippster\node_modules\@nestjs\core\injector\instance-loader.js:55:9)
    at async C:\Users\bandi\Documents\code\social-tippster\social-tippster\node_modules\@nestjs\core\injector\instance-loader.js:40:13
    at async Promise.all (index 9)
    at async TestingInstanceLoader.createInstances (C:\Users\bandi\Documents\code\social-tippster\social-tippster\node_modules\@nestjs\core\injector\instance-loader.js:39:9)
    at async TestingInstanceLoader.createInstancesOfDependencies (C:\Users\bandi\Documents\code\social-tippster\social-tippster\node_modules\@nestjs\core\injector\instance-loader.js:22:13)
    at async TestingInstanceLoader.createInstancesOfDependencies (C:\Users\bandi\Documents\code\social-tippster\social-tippster\node_modules\@nestjs\testing\testing-instance-loader.js:9:9)
    at async TestingModuleBuilder.createInstancesOfDependencies (C:\Users\bandi\Documents\code\social-tippster\social-tippster\node_modules\@nestjs\testing\testing-module.builder.js:118:9)
    at async TestingModuleBuilder.compile (C:\Users\bandi\Documents\code\social-tippster\social-tippster\node_modules\@nestjs\testing\testing-module.builder.js:74:9)
    at async Object.&lt;anonymous&gt; (C:\Users\bandi\Documents\code\social-tippster\social-tippster\tests\backend\auth-integration.spec.ts:48:17)</failure>
    </testcase>
    <testcase classname="Authentication System Integration Tests Protected Routes should reject access with malformed Authorization header" name="Authentication System Integration Tests Protected Routes should reject access with malformed Authorization header" time="0">
      <failure>Error: Nest can&apos;t resolve dependencies of the UserLoginRepository (?). Please make sure that the argument DataSource at index [0] is available in the TypeOrmModule context.

Potential solutions:
- Is TypeOrmModule a valid NestJS module?
- If DataSource is a provider, is it part of the current TypeOrmModule?
- If DataSource is exported from a separate @Module, is that module imported within TypeOrmModule?
  @Module({
    imports: [ /* the Module containing DataSource */ ]
  })

    at TestingInjector.lookupComponentInParentModules (C:\Users\bandi\Documents\code\social-tippster\social-tippster\node_modules\@nestjs\core\injector\injector.js:262:19)
    at async TestingInjector.resolveComponentInstance (C:\Users\bandi\Documents\code\social-tippster\social-tippster\node_modules\@nestjs\core\injector\injector.js:215:33)
    at async TestingInjector.resolveComponentInstance (C:\Users\bandi\Documents\code\social-tippster\social-tippster\node_modules\@nestjs\testing\testing-injector.js:19:45)
    at async resolveParam (C:\Users\bandi\Documents\code\social-tippster\social-tippster\node_modules\@nestjs\core\injector\injector.js:129:38)
    at async Promise.all (index 0)
    at async TestingInjector.resolveConstructorParams (C:\Users\bandi\Documents\code\social-tippster\social-tippster\node_modules\@nestjs\core\injector\injector.js:144:27)
    at async TestingInjector.loadInstance (C:\Users\bandi\Documents\code\social-tippster\social-tippster\node_modules\@nestjs\core\injector\injector.js:70:13)
    at async TestingInjector.loadProvider (C:\Users\bandi\Documents\code\social-tippster\social-tippster\node_modules\@nestjs\core\injector\injector.js:98:9)
    at async C:\Users\bandi\Documents\code\social-tippster\social-tippster\node_modules\@nestjs\core\injector\instance-loader.js:56:13
    at async Promise.all (index 5)
    at async TestingInstanceLoader.createInstancesOfProviders (C:\Users\bandi\Documents\code\social-tippster\social-tippster\node_modules\@nestjs\core\injector\instance-loader.js:55:9)
    at async C:\Users\bandi\Documents\code\social-tippster\social-tippster\node_modules\@nestjs\core\injector\instance-loader.js:40:13
    at async Promise.all (index 9)
    at async TestingInstanceLoader.createInstances (C:\Users\bandi\Documents\code\social-tippster\social-tippster\node_modules\@nestjs\core\injector\instance-loader.js:39:9)
    at async TestingInstanceLoader.createInstancesOfDependencies (C:\Users\bandi\Documents\code\social-tippster\social-tippster\node_modules\@nestjs\core\injector\instance-loader.js:22:13)
    at async TestingInstanceLoader.createInstancesOfDependencies (C:\Users\bandi\Documents\code\social-tippster\social-tippster\node_modules\@nestjs\testing\testing-instance-loader.js:9:9)
    at async TestingModuleBuilder.createInstancesOfDependencies (C:\Users\bandi\Documents\code\social-tippster\social-tippster\node_modules\@nestjs\testing\testing-module.builder.js:118:9)
    at async TestingModuleBuilder.compile (C:\Users\bandi\Documents\code\social-tippster\social-tippster\node_modules\@nestjs\testing\testing-module.builder.js:74:9)
    at async Object.&lt;anonymous&gt; (C:\Users\bandi\Documents\code\social-tippster\social-tippster\tests\backend\auth-integration.spec.ts:48:17)</failure>
    </testcase>
    <testcase classname="Authentication System Integration Tests Token Refresh should refresh token with valid refresh token cookie" name="Authentication System Integration Tests Token Refresh should refresh token with valid refresh token cookie" time="0">
      <failure>Error: Nest can&apos;t resolve dependencies of the UserLoginRepository (?). Please make sure that the argument DataSource at index [0] is available in the TypeOrmModule context.

Potential solutions:
- Is TypeOrmModule a valid NestJS module?
- If DataSource is a provider, is it part of the current TypeOrmModule?
- If DataSource is exported from a separate @Module, is that module imported within TypeOrmModule?
  @Module({
    imports: [ /* the Module containing DataSource */ ]
  })

    at TestingInjector.lookupComponentInParentModules (C:\Users\bandi\Documents\code\social-tippster\social-tippster\node_modules\@nestjs\core\injector\injector.js:262:19)
    at async TestingInjector.resolveComponentInstance (C:\Users\bandi\Documents\code\social-tippster\social-tippster\node_modules\@nestjs\core\injector\injector.js:215:33)
    at async TestingInjector.resolveComponentInstance (C:\Users\bandi\Documents\code\social-tippster\social-tippster\node_modules\@nestjs\testing\testing-injector.js:19:45)
    at async resolveParam (C:\Users\bandi\Documents\code\social-tippster\social-tippster\node_modules\@nestjs\core\injector\injector.js:129:38)
    at async Promise.all (index 0)
    at async TestingInjector.resolveConstructorParams (C:\Users\bandi\Documents\code\social-tippster\social-tippster\node_modules\@nestjs\core\injector\injector.js:144:27)
    at async TestingInjector.loadInstance (C:\Users\bandi\Documents\code\social-tippster\social-tippster\node_modules\@nestjs\core\injector\injector.js:70:13)
    at async TestingInjector.loadProvider (C:\Users\bandi\Documents\code\social-tippster\social-tippster\node_modules\@nestjs\core\injector\injector.js:98:9)
    at async C:\Users\bandi\Documents\code\social-tippster\social-tippster\node_modules\@nestjs\core\injector\instance-loader.js:56:13
    at async Promise.all (index 5)
    at async TestingInstanceLoader.createInstancesOfProviders (C:\Users\bandi\Documents\code\social-tippster\social-tippster\node_modules\@nestjs\core\injector\instance-loader.js:55:9)
    at async C:\Users\bandi\Documents\code\social-tippster\social-tippster\node_modules\@nestjs\core\injector\instance-loader.js:40:13
    at async Promise.all (index 9)
    at async TestingInstanceLoader.createInstances (C:\Users\bandi\Documents\code\social-tippster\social-tippster\node_modules\@nestjs\core\injector\instance-loader.js:39:9)
    at async TestingInstanceLoader.createInstancesOfDependencies (C:\Users\bandi\Documents\code\social-tippster\social-tippster\node_modules\@nestjs\core\injector\instance-loader.js:22:13)
    at async TestingInstanceLoader.createInstancesOfDependencies (C:\Users\bandi\Documents\code\social-tippster\social-tippster\node_modules\@nestjs\testing\testing-instance-loader.js:9:9)
    at async TestingModuleBuilder.createInstancesOfDependencies (C:\Users\bandi\Documents\code\social-tippster\social-tippster\node_modules\@nestjs\testing\testing-module.builder.js:118:9)
    at async TestingModuleBuilder.compile (C:\Users\bandi\Documents\code\social-tippster\social-tippster\node_modules\@nestjs\testing\testing-module.builder.js:74:9)
    at async Object.&lt;anonymous&gt; (C:\Users\bandi\Documents\code\social-tippster\social-tippster\tests\backend\auth-integration.spec.ts:48:17)</failure>
    </testcase>
    <testcase classname="Authentication System Integration Tests Token Refresh should reject refresh without cookie" name="Authentication System Integration Tests Token Refresh should reject refresh without cookie" time="0">
      <failure>Error: Nest can&apos;t resolve dependencies of the UserLoginRepository (?). Please make sure that the argument DataSource at index [0] is available in the TypeOrmModule context.

Potential solutions:
- Is TypeOrmModule a valid NestJS module?
- If DataSource is a provider, is it part of the current TypeOrmModule?
- If DataSource is exported from a separate @Module, is that module imported within TypeOrmModule?
  @Module({
    imports: [ /* the Module containing DataSource */ ]
  })

    at TestingInjector.lookupComponentInParentModules (C:\Users\bandi\Documents\code\social-tippster\social-tippster\node_modules\@nestjs\core\injector\injector.js:262:19)
    at async TestingInjector.resolveComponentInstance (C:\Users\bandi\Documents\code\social-tippster\social-tippster\node_modules\@nestjs\core\injector\injector.js:215:33)
    at async TestingInjector.resolveComponentInstance (C:\Users\bandi\Documents\code\social-tippster\social-tippster\node_modules\@nestjs\testing\testing-injector.js:19:45)
    at async resolveParam (C:\Users\bandi\Documents\code\social-tippster\social-tippster\node_modules\@nestjs\core\injector\injector.js:129:38)
    at async Promise.all (index 0)
    at async TestingInjector.resolveConstructorParams (C:\Users\bandi\Documents\code\social-tippster\social-tippster\node_modules\@nestjs\core\injector\injector.js:144:27)
    at async TestingInjector.loadInstance (C:\Users\bandi\Documents\code\social-tippster\social-tippster\node_modules\@nestjs\core\injector\injector.js:70:13)
    at async TestingInjector.loadProvider (C:\Users\bandi\Documents\code\social-tippster\social-tippster\node_modules\@nestjs\core\injector\injector.js:98:9)
    at async C:\Users\bandi\Documents\code\social-tippster\social-tippster\node_modules\@nestjs\core\injector\instance-loader.js:56:13
    at async Promise.all (index 5)
    at async TestingInstanceLoader.createInstancesOfProviders (C:\Users\bandi\Documents\code\social-tippster\social-tippster\node_modules\@nestjs\core\injector\instance-loader.js:55:9)
    at async C:\Users\bandi\Documents\code\social-tippster\social-tippster\node_modules\@nestjs\core\injector\instance-loader.js:40:13
    at async Promise.all (index 9)
    at async TestingInstanceLoader.createInstances (C:\Users\bandi\Documents\code\social-tippster\social-tippster\node_modules\@nestjs\core\injector\instance-loader.js:39:9)
    at async TestingInstanceLoader.createInstancesOfDependencies (C:\Users\bandi\Documents\code\social-tippster\social-tippster\node_modules\@nestjs\core\injector\instance-loader.js:22:13)
    at async TestingInstanceLoader.createInstancesOfDependencies (C:\Users\bandi\Documents\code\social-tippster\social-tippster\node_modules\@nestjs\testing\testing-instance-loader.js:9:9)
    at async TestingModuleBuilder.createInstancesOfDependencies (C:\Users\bandi\Documents\code\social-tippster\social-tippster\node_modules\@nestjs\testing\testing-module.builder.js:118:9)
    at async TestingModuleBuilder.compile (C:\Users\bandi\Documents\code\social-tippster\social-tippster\node_modules\@nestjs\testing\testing-module.builder.js:74:9)
    at async Object.&lt;anonymous&gt; (C:\Users\bandi\Documents\code\social-tippster\social-tippster\tests\backend\auth-integration.spec.ts:48:17)</failure>
    </testcase>
    <testcase classname="Authentication System Integration Tests Token Refresh should reject refresh with invalid cookie" name="Authentication System Integration Tests Token Refresh should reject refresh with invalid cookie" time="0.001">
      <failure>Error: Nest can&apos;t resolve dependencies of the UserLoginRepository (?). Please make sure that the argument DataSource at index [0] is available in the TypeOrmModule context.

Potential solutions:
- Is TypeOrmModule a valid NestJS module?
- If DataSource is a provider, is it part of the current TypeOrmModule?
- If DataSource is exported from a separate @Module, is that module imported within TypeOrmModule?
  @Module({
    imports: [ /* the Module containing DataSource */ ]
  })

    at TestingInjector.lookupComponentInParentModules (C:\Users\bandi\Documents\code\social-tippster\social-tippster\node_modules\@nestjs\core\injector\injector.js:262:19)
    at async TestingInjector.resolveComponentInstance (C:\Users\bandi\Documents\code\social-tippster\social-tippster\node_modules\@nestjs\core\injector\injector.js:215:33)
    at async TestingInjector.resolveComponentInstance (C:\Users\bandi\Documents\code\social-tippster\social-tippster\node_modules\@nestjs\testing\testing-injector.js:19:45)
    at async resolveParam (C:\Users\bandi\Documents\code\social-tippster\social-tippster\node_modules\@nestjs\core\injector\injector.js:129:38)
    at async Promise.all (index 0)
    at async TestingInjector.resolveConstructorParams (C:\Users\bandi\Documents\code\social-tippster\social-tippster\node_modules\@nestjs\core\injector\injector.js:144:27)
    at async TestingInjector.loadInstance (C:\Users\bandi\Documents\code\social-tippster\social-tippster\node_modules\@nestjs\core\injector\injector.js:70:13)
    at async TestingInjector.loadProvider (C:\Users\bandi\Documents\code\social-tippster\social-tippster\node_modules\@nestjs\core\injector\injector.js:98:9)
    at async C:\Users\bandi\Documents\code\social-tippster\social-tippster\node_modules\@nestjs\core\injector\instance-loader.js:56:13
    at async Promise.all (index 5)
    at async TestingInstanceLoader.createInstancesOfProviders (C:\Users\bandi\Documents\code\social-tippster\social-tippster\node_modules\@nestjs\core\injector\instance-loader.js:55:9)
    at async C:\Users\bandi\Documents\code\social-tippster\social-tippster\node_modules\@nestjs\core\injector\instance-loader.js:40:13
    at async Promise.all (index 9)
    at async TestingInstanceLoader.createInstances (C:\Users\bandi\Documents\code\social-tippster\social-tippster\node_modules\@nestjs\core\injector\instance-loader.js:39:9)
    at async TestingInstanceLoader.createInstancesOfDependencies (C:\Users\bandi\Documents\code\social-tippster\social-tippster\node_modules\@nestjs\core\injector\instance-loader.js:22:13)
    at async TestingInstanceLoader.createInstancesOfDependencies (C:\Users\bandi\Documents\code\social-tippster\social-tippster\node_modules\@nestjs\testing\testing-instance-loader.js:9:9)
    at async TestingModuleBuilder.createInstancesOfDependencies (C:\Users\bandi\Documents\code\social-tippster\social-tippster\node_modules\@nestjs\testing\testing-module.builder.js:118:9)
    at async TestingModuleBuilder.compile (C:\Users\bandi\Documents\code\social-tippster\social-tippster\node_modules\@nestjs\testing\testing-module.builder.js:74:9)
    at async Object.&lt;anonymous&gt; (C:\Users\bandi\Documents\code\social-tippster\social-tippster\tests\backend\auth-integration.spec.ts:48:17)</failure>
    </testcase>
    <testcase classname="Authentication System Integration Tests Logout should logout successfully" name="Authentication System Integration Tests Logout should logout successfully" time="0">
      <failure>Error: Nest can&apos;t resolve dependencies of the UserLoginRepository (?). Please make sure that the argument DataSource at index [0] is available in the TypeOrmModule context.

Potential solutions:
- Is TypeOrmModule a valid NestJS module?
- If DataSource is a provider, is it part of the current TypeOrmModule?
- If DataSource is exported from a separate @Module, is that module imported within TypeOrmModule?
  @Module({
    imports: [ /* the Module containing DataSource */ ]
  })

    at TestingInjector.lookupComponentInParentModules (C:\Users\bandi\Documents\code\social-tippster\social-tippster\node_modules\@nestjs\core\injector\injector.js:262:19)
    at async TestingInjector.resolveComponentInstance (C:\Users\bandi\Documents\code\social-tippster\social-tippster\node_modules\@nestjs\core\injector\injector.js:215:33)
    at async TestingInjector.resolveComponentInstance (C:\Users\bandi\Documents\code\social-tippster\social-tippster\node_modules\@nestjs\testing\testing-injector.js:19:45)
    at async resolveParam (C:\Users\bandi\Documents\code\social-tippster\social-tippster\node_modules\@nestjs\core\injector\injector.js:129:38)
    at async Promise.all (index 0)
    at async TestingInjector.resolveConstructorParams (C:\Users\bandi\Documents\code\social-tippster\social-tippster\node_modules\@nestjs\core\injector\injector.js:144:27)
    at async TestingInjector.loadInstance (C:\Users\bandi\Documents\code\social-tippster\social-tippster\node_modules\@nestjs\core\injector\injector.js:70:13)
    at async TestingInjector.loadProvider (C:\Users\bandi\Documents\code\social-tippster\social-tippster\node_modules\@nestjs\core\injector\injector.js:98:9)
    at async C:\Users\bandi\Documents\code\social-tippster\social-tippster\node_modules\@nestjs\core\injector\instance-loader.js:56:13
    at async Promise.all (index 5)
    at async TestingInstanceLoader.createInstancesOfProviders (C:\Users\bandi\Documents\code\social-tippster\social-tippster\node_modules\@nestjs\core\injector\instance-loader.js:55:9)
    at async C:\Users\bandi\Documents\code\social-tippster\social-tippster\node_modules\@nestjs\core\injector\instance-loader.js:40:13
    at async Promise.all (index 9)
    at async TestingInstanceLoader.createInstances (C:\Users\bandi\Documents\code\social-tippster\social-tippster\node_modules\@nestjs\core\injector\instance-loader.js:39:9)
    at async TestingInstanceLoader.createInstancesOfDependencies (C:\Users\bandi\Documents\code\social-tippster\social-tippster\node_modules\@nestjs\core\injector\instance-loader.js:22:13)
    at async TestingInstanceLoader.createInstancesOfDependencies (C:\Users\bandi\Documents\code\social-tippster\social-tippster\node_modules\@nestjs\testing\testing-instance-loader.js:9:9)
    at async TestingModuleBuilder.createInstancesOfDependencies (C:\Users\bandi\Documents\code\social-tippster\social-tippster\node_modules\@nestjs\testing\testing-module.builder.js:118:9)
    at async TestingModuleBuilder.compile (C:\Users\bandi\Documents\code\social-tippster\social-tippster\node_modules\@nestjs\testing\testing-module.builder.js:74:9)
    at async Object.&lt;anonymous&gt; (C:\Users\bandi\Documents\code\social-tippster\social-tippster\tests\backend\auth-integration.spec.ts:48:17)</failure>
    </testcase>
    <testcase classname="Authentication System Integration Tests Logout should reject logout without token" name="Authentication System Integration Tests Logout should reject logout without token" time="0">
      <failure>Error: Nest can&apos;t resolve dependencies of the UserLoginRepository (?). Please make sure that the argument DataSource at index [0] is available in the TypeOrmModule context.

Potential solutions:
- Is TypeOrmModule a valid NestJS module?
- If DataSource is a provider, is it part of the current TypeOrmModule?
- If DataSource is exported from a separate @Module, is that module imported within TypeOrmModule?
  @Module({
    imports: [ /* the Module containing DataSource */ ]
  })

    at TestingInjector.lookupComponentInParentModules (C:\Users\bandi\Documents\code\social-tippster\social-tippster\node_modules\@nestjs\core\injector\injector.js:262:19)
    at async TestingInjector.resolveComponentInstance (C:\Users\bandi\Documents\code\social-tippster\social-tippster\node_modules\@nestjs\core\injector\injector.js:215:33)
    at async TestingInjector.resolveComponentInstance (C:\Users\bandi\Documents\code\social-tippster\social-tippster\node_modules\@nestjs\testing\testing-injector.js:19:45)
    at async resolveParam (C:\Users\bandi\Documents\code\social-tippster\social-tippster\node_modules\@nestjs\core\injector\injector.js:129:38)
    at async Promise.all (index 0)
    at async TestingInjector.resolveConstructorParams (C:\Users\bandi\Documents\code\social-tippster\social-tippster\node_modules\@nestjs\core\injector\injector.js:144:27)
    at async TestingInjector.loadInstance (C:\Users\bandi\Documents\code\social-tippster\social-tippster\node_modules\@nestjs\core\injector\injector.js:70:13)
    at async TestingInjector.loadProvider (C:\Users\bandi\Documents\code\social-tippster\social-tippster\node_modules\@nestjs\core\injector\injector.js:98:9)
    at async C:\Users\bandi\Documents\code\social-tippster\social-tippster\node_modules\@nestjs\core\injector\instance-loader.js:56:13
    at async Promise.all (index 5)
    at async TestingInstanceLoader.createInstancesOfProviders (C:\Users\bandi\Documents\code\social-tippster\social-tippster\node_modules\@nestjs\core\injector\instance-loader.js:55:9)
    at async C:\Users\bandi\Documents\code\social-tippster\social-tippster\node_modules\@nestjs\core\injector\instance-loader.js:40:13
    at async Promise.all (index 9)
    at async TestingInstanceLoader.createInstances (C:\Users\bandi\Documents\code\social-tippster\social-tippster\node_modules\@nestjs\core\injector\instance-loader.js:39:9)
    at async TestingInstanceLoader.createInstancesOfDependencies (C:\Users\bandi\Documents\code\social-tippster\social-tippster\node_modules\@nestjs\core\injector\instance-loader.js:22:13)
    at async TestingInstanceLoader.createInstancesOfDependencies (C:\Users\bandi\Documents\code\social-tippster\social-tippster\node_modules\@nestjs\testing\testing-instance-loader.js:9:9)
    at async TestingModuleBuilder.createInstancesOfDependencies (C:\Users\bandi\Documents\code\social-tippster\social-tippster\node_modules\@nestjs\testing\testing-module.builder.js:118:9)
    at async TestingModuleBuilder.compile (C:\Users\bandi\Documents\code\social-tippster\social-tippster\node_modules\@nestjs\testing\testing-module.builder.js:74:9)
    at async Object.&lt;anonymous&gt; (C:\Users\bandi\Documents\code\social-tippster\social-tippster\tests\backend\auth-integration.spec.ts:48:17)</failure>
    </testcase>
    <testcase classname="Authentication System Integration Tests Logout All Devices should logout from all devices" name="Authentication System Integration Tests Logout All Devices should logout from all devices" time="0">
      <failure>Error: Nest can&apos;t resolve dependencies of the UserLoginRepository (?). Please make sure that the argument DataSource at index [0] is available in the TypeOrmModule context.

Potential solutions:
- Is TypeOrmModule a valid NestJS module?
- If DataSource is a provider, is it part of the current TypeOrmModule?
- If DataSource is exported from a separate @Module, is that module imported within TypeOrmModule?
  @Module({
    imports: [ /* the Module containing DataSource */ ]
  })

    at TestingInjector.lookupComponentInParentModules (C:\Users\bandi\Documents\code\social-tippster\social-tippster\node_modules\@nestjs\core\injector\injector.js:262:19)
    at async TestingInjector.resolveComponentInstance (C:\Users\bandi\Documents\code\social-tippster\social-tippster\node_modules\@nestjs\core\injector\injector.js:215:33)
    at async TestingInjector.resolveComponentInstance (C:\Users\bandi\Documents\code\social-tippster\social-tippster\node_modules\@nestjs\testing\testing-injector.js:19:45)
    at async resolveParam (C:\Users\bandi\Documents\code\social-tippster\social-tippster\node_modules\@nestjs\core\injector\injector.js:129:38)
    at async Promise.all (index 0)
    at async TestingInjector.resolveConstructorParams (C:\Users\bandi\Documents\code\social-tippster\social-tippster\node_modules\@nestjs\core\injector\injector.js:144:27)
    at async TestingInjector.loadInstance (C:\Users\bandi\Documents\code\social-tippster\social-tippster\node_modules\@nestjs\core\injector\injector.js:70:13)
    at async TestingInjector.loadProvider (C:\Users\bandi\Documents\code\social-tippster\social-tippster\node_modules\@nestjs\core\injector\injector.js:98:9)
    at async C:\Users\bandi\Documents\code\social-tippster\social-tippster\node_modules\@nestjs\core\injector\instance-loader.js:56:13
    at async Promise.all (index 5)
    at async TestingInstanceLoader.createInstancesOfProviders (C:\Users\bandi\Documents\code\social-tippster\social-tippster\node_modules\@nestjs\core\injector\instance-loader.js:55:9)
    at async C:\Users\bandi\Documents\code\social-tippster\social-tippster\node_modules\@nestjs\core\injector\instance-loader.js:40:13
    at async Promise.all (index 9)
    at async TestingInstanceLoader.createInstances (C:\Users\bandi\Documents\code\social-tippster\social-tippster\node_modules\@nestjs\core\injector\instance-loader.js:39:9)
    at async TestingInstanceLoader.createInstancesOfDependencies (C:\Users\bandi\Documents\code\social-tippster\social-tippster\node_modules\@nestjs\core\injector\instance-loader.js:22:13)
    at async TestingInstanceLoader.createInstancesOfDependencies (C:\Users\bandi\Documents\code\social-tippster\social-tippster\node_modules\@nestjs\testing\testing-instance-loader.js:9:9)
    at async TestingModuleBuilder.createInstancesOfDependencies (C:\Users\bandi\Documents\code\social-tippster\social-tippster\node_modules\@nestjs\testing\testing-module.builder.js:118:9)
    at async TestingModuleBuilder.compile (C:\Users\bandi\Documents\code\social-tippster\social-tippster\node_modules\@nestjs\testing\testing-module.builder.js:74:9)
    at async Object.&lt;anonymous&gt; (C:\Users\bandi\Documents\code\social-tippster\social-tippster\tests\backend\auth-integration.spec.ts:48:17)</failure>
      <failure>TypeError: Cannot read properties of undefined (reading &apos;getHttpServer&apos;)
    at Object.&lt;anonymous&gt; (C:\Users\bandi\Documents\code\social-tippster\social-tippster\tests\backend\auth-integration.spec.ts:420:47)
    at Promise.then.completed (C:\Users\bandi\Documents\code\social-tippster\social-tippster\node_modules\jest-circus\build\utils.js:298:28)
    at new Promise (&lt;anonymous&gt;)
    at callAsyncCircusFn (C:\Users\bandi\Documents\code\social-tippster\social-tippster\node_modules\jest-circus\build\utils.js:231:10)
    at _callCircusHook (C:\Users\bandi\Documents\code\social-tippster\social-tippster\node_modules\jest-circus\build\run.js:281:40)
    at async _runTestsForDescribeBlock (C:\Users\bandi\Documents\code\social-tippster\social-tippster\node_modules\jest-circus\build\run.js:95:7)
    at async _runTestsForDescribeBlock (C:\Users\bandi\Documents\code\social-tippster\social-tippster\node_modules\jest-circus\build\run.js:121:9)
    at async _runTestsForDescribeBlock (C:\Users\bandi\Documents\code\social-tippster\social-tippster\node_modules\jest-circus\build\run.js:121:9)
    at async run (C:\Users\bandi\Documents\code\social-tippster\social-tippster\node_modules\jest-circus\build\run.js:71:3)
    at async runAndTransformResultsToJestFormat (C:\Users\bandi\Documents\code\social-tippster\social-tippster\node_modules\jest-circus\build\legacy-code-todo-rewrite\jestAdapterInit.js:122:21)
    at async jestAdapter (C:\Users\bandi\Documents\code\social-tippster\social-tippster\node_modules\jest-circus\build\legacy-code-todo-rewrite\jestAdapter.js:79:19)
    at async runTestInternal (C:\Users\bandi\Documents\code\social-tippster\social-tippster\node_modules\jest-runner\build\runTest.js:367:16)
    at async runTest (C:\Users\bandi\Documents\code\social-tippster\social-tippster\node_modules\jest-runner\build\runTest.js:444:34)</failure>
    </testcase>
    <testcase classname="Authentication System Integration Tests Data Integrity should maintain referential integrity between users and refresh tokens" name="Authentication System Integration Tests Data Integrity should maintain referential integrity between users and refresh tokens" time="0">
      <failure>Error: Nest can&apos;t resolve dependencies of the UserLoginRepository (?). Please make sure that the argument DataSource at index [0] is available in the TypeOrmModule context.

Potential solutions:
- Is TypeOrmModule a valid NestJS module?
- If DataSource is a provider, is it part of the current TypeOrmModule?
- If DataSource is exported from a separate @Module, is that module imported within TypeOrmModule?
  @Module({
    imports: [ /* the Module containing DataSource */ ]
  })

    at TestingInjector.lookupComponentInParentModules (C:\Users\bandi\Documents\code\social-tippster\social-tippster\node_modules\@nestjs\core\injector\injector.js:262:19)
    at async TestingInjector.resolveComponentInstance (C:\Users\bandi\Documents\code\social-tippster\social-tippster\node_modules\@nestjs\core\injector\injector.js:215:33)
    at async TestingInjector.resolveComponentInstance (C:\Users\bandi\Documents\code\social-tippster\social-tippster\node_modules\@nestjs\testing\testing-injector.js:19:45)
    at async resolveParam (C:\Users\bandi\Documents\code\social-tippster\social-tippster\node_modules\@nestjs\core\injector\injector.js:129:38)
    at async Promise.all (index 0)
    at async TestingInjector.resolveConstructorParams (C:\Users\bandi\Documents\code\social-tippster\social-tippster\node_modules\@nestjs\core\injector\injector.js:144:27)
    at async TestingInjector.loadInstance (C:\Users\bandi\Documents\code\social-tippster\social-tippster\node_modules\@nestjs\core\injector\injector.js:70:13)
    at async TestingInjector.loadProvider (C:\Users\bandi\Documents\code\social-tippster\social-tippster\node_modules\@nestjs\core\injector\injector.js:98:9)
    at async C:\Users\bandi\Documents\code\social-tippster\social-tippster\node_modules\@nestjs\core\injector\instance-loader.js:56:13
    at async Promise.all (index 5)
    at async TestingInstanceLoader.createInstancesOfProviders (C:\Users\bandi\Documents\code\social-tippster\social-tippster\node_modules\@nestjs\core\injector\instance-loader.js:55:9)
    at async C:\Users\bandi\Documents\code\social-tippster\social-tippster\node_modules\@nestjs\core\injector\instance-loader.js:40:13
    at async Promise.all (index 9)
    at async TestingInstanceLoader.createInstances (C:\Users\bandi\Documents\code\social-tippster\social-tippster\node_modules\@nestjs\core\injector\instance-loader.js:39:9)
    at async TestingInstanceLoader.createInstancesOfDependencies (C:\Users\bandi\Documents\code\social-tippster\social-tippster\node_modules\@nestjs\core\injector\instance-loader.js:22:13)
    at async TestingInstanceLoader.createInstancesOfDependencies (C:\Users\bandi\Documents\code\social-tippster\social-tippster\node_modules\@nestjs\testing\testing-instance-loader.js:9:9)
    at async TestingModuleBuilder.createInstancesOfDependencies (C:\Users\bandi\Documents\code\social-tippster\social-tippster\node_modules\@nestjs\testing\testing-module.builder.js:118:9)
    at async TestingModuleBuilder.compile (C:\Users\bandi\Documents\code\social-tippster\social-tippster\node_modules\@nestjs\testing\testing-module.builder.js:74:9)
    at async Object.&lt;anonymous&gt; (C:\Users\bandi\Documents\code\social-tippster\social-tippster\tests\backend\auth-integration.spec.ts:48:17)</failure>
    </testcase>
    <testcase classname="Authentication System Integration Tests Data Integrity should store password hashes securely" name="Authentication System Integration Tests Data Integrity should store password hashes securely" time="0">
      <failure>Error: Nest can&apos;t resolve dependencies of the UserLoginRepository (?). Please make sure that the argument DataSource at index [0] is available in the TypeOrmModule context.

Potential solutions:
- Is TypeOrmModule a valid NestJS module?
- If DataSource is a provider, is it part of the current TypeOrmModule?
- If DataSource is exported from a separate @Module, is that module imported within TypeOrmModule?
  @Module({
    imports: [ /* the Module containing DataSource */ ]
  })

    at TestingInjector.lookupComponentInParentModules (C:\Users\bandi\Documents\code\social-tippster\social-tippster\node_modules\@nestjs\core\injector\injector.js:262:19)
    at async TestingInjector.resolveComponentInstance (C:\Users\bandi\Documents\code\social-tippster\social-tippster\node_modules\@nestjs\core\injector\injector.js:215:33)
    at async TestingInjector.resolveComponentInstance (C:\Users\bandi\Documents\code\social-tippster\social-tippster\node_modules\@nestjs\testing\testing-injector.js:19:45)
    at async resolveParam (C:\Users\bandi\Documents\code\social-tippster\social-tippster\node_modules\@nestjs\core\injector\injector.js:129:38)
    at async Promise.all (index 0)
    at async TestingInjector.resolveConstructorParams (C:\Users\bandi\Documents\code\social-tippster\social-tippster\node_modules\@nestjs\core\injector\injector.js:144:27)
    at async TestingInjector.loadInstance (C:\Users\bandi\Documents\code\social-tippster\social-tippster\node_modules\@nestjs\core\injector\injector.js:70:13)
    at async TestingInjector.loadProvider (C:\Users\bandi\Documents\code\social-tippster\social-tippster\node_modules\@nestjs\core\injector\injector.js:98:9)
    at async C:\Users\bandi\Documents\code\social-tippster\social-tippster\node_modules\@nestjs\core\injector\instance-loader.js:56:13
    at async Promise.all (index 5)
    at async TestingInstanceLoader.createInstancesOfProviders (C:\Users\bandi\Documents\code\social-tippster\social-tippster\node_modules\@nestjs\core\injector\instance-loader.js:55:9)
    at async C:\Users\bandi\Documents\code\social-tippster\social-tippster\node_modules\@nestjs\core\injector\instance-loader.js:40:13
    at async Promise.all (index 9)
    at async TestingInstanceLoader.createInstances (C:\Users\bandi\Documents\code\social-tippster\social-tippster\node_modules\@nestjs\core\injector\instance-loader.js:39:9)
    at async TestingInstanceLoader.createInstancesOfDependencies (C:\Users\bandi\Documents\code\social-tippster\social-tippster\node_modules\@nestjs\core\injector\instance-loader.js:22:13)
    at async TestingInstanceLoader.createInstancesOfDependencies (C:\Users\bandi\Documents\code\social-tippster\social-tippster\node_modules\@nestjs\testing\testing-instance-loader.js:9:9)
    at async TestingModuleBuilder.createInstancesOfDependencies (C:\Users\bandi\Documents\code\social-tippster\social-tippster\node_modules\@nestjs\testing\testing-module.builder.js:118:9)
    at async TestingModuleBuilder.compile (C:\Users\bandi\Documents\code\social-tippster\social-tippster\node_modules\@nestjs\testing\testing-module.builder.js:74:9)
    at async Object.&lt;anonymous&gt; (C:\Users\bandi\Documents\code\social-tippster\social-tippster\tests\backend\auth-integration.spec.ts:48:17)</failure>
    </testcase>
    <testcase classname="Authentication System Integration Tests Data Integrity should store refresh token hashes securely" name="Authentication System Integration Tests Data Integrity should store refresh token hashes securely" time="0">
      <failure>Error: Nest can&apos;t resolve dependencies of the UserLoginRepository (?). Please make sure that the argument DataSource at index [0] is available in the TypeOrmModule context.

Potential solutions:
- Is TypeOrmModule a valid NestJS module?
- If DataSource is a provider, is it part of the current TypeOrmModule?
- If DataSource is exported from a separate @Module, is that module imported within TypeOrmModule?
  @Module({
    imports: [ /* the Module containing DataSource */ ]
  })

    at TestingInjector.lookupComponentInParentModules (C:\Users\bandi\Documents\code\social-tippster\social-tippster\node_modules\@nestjs\core\injector\injector.js:262:19)
    at async TestingInjector.resolveComponentInstance (C:\Users\bandi\Documents\code\social-tippster\social-tippster\node_modules\@nestjs\core\injector\injector.js:215:33)
    at async TestingInjector.resolveComponentInstance (C:\Users\bandi\Documents\code\social-tippster\social-tippster\node_modules\@nestjs\testing\testing-injector.js:19:45)
    at async resolveParam (C:\Users\bandi\Documents\code\social-tippster\social-tippster\node_modules\@nestjs\core\injector\injector.js:129:38)
    at async Promise.all (index 0)
    at async TestingInjector.resolveConstructorParams (C:\Users\bandi\Documents\code\social-tippster\social-tippster\node_modules\@nestjs\core\injector\injector.js:144:27)
    at async TestingInjector.loadInstance (C:\Users\bandi\Documents\code\social-tippster\social-tippster\node_modules\@nestjs\core\injector\injector.js:70:13)
    at async TestingInjector.loadProvider (C:\Users\bandi\Documents\code\social-tippster\social-tippster\node_modules\@nestjs\core\injector\injector.js:98:9)
    at async C:\Users\bandi\Documents\code\social-tippster\social-tippster\node_modules\@nestjs\core\injector\instance-loader.js:56:13
    at async Promise.all (index 5)
    at async TestingInstanceLoader.createInstancesOfProviders (C:\Users\bandi\Documents\code\social-tippster\social-tippster\node_modules\@nestjs\core\injector\instance-loader.js:55:9)
    at async C:\Users\bandi\Documents\code\social-tippster\social-tippster\node_modules\@nestjs\core\injector\instance-loader.js:40:13
    at async Promise.all (index 9)
    at async TestingInstanceLoader.createInstances (C:\Users\bandi\Documents\code\social-tippster\social-tippster\node_modules\@nestjs\core\injector\instance-loader.js:39:9)
    at async TestingInstanceLoader.createInstancesOfDependencies (C:\Users\bandi\Documents\code\social-tippster\social-tippster\node_modules\@nestjs\core\injector\instance-loader.js:22:13)
    at async TestingInstanceLoader.createInstancesOfDependencies (C:\Users\bandi\Documents\code\social-tippster\social-tippster\node_modules\@nestjs\testing\testing-instance-loader.js:9:9)
    at async TestingModuleBuilder.createInstancesOfDependencies (C:\Users\bandi\Documents\code\social-tippster\social-tippster\node_modules\@nestjs\testing\testing-module.builder.js:118:9)
    at async TestingModuleBuilder.compile (C:\Users\bandi\Documents\code\social-tippster\social-tippster\node_modules\@nestjs\testing\testing-module.builder.js:74:9)
    at async Object.&lt;anonymous&gt; (C:\Users\bandi\Documents\code\social-tippster\social-tippster\tests\backend\auth-integration.spec.ts:48:17)</failure>
    </testcase>
    <testcase classname="Authentication System Integration Tests JWT Token Validation should validate JWT structure and claims" name="Authentication System Integration Tests JWT Token Validation should validate JWT structure and claims" time="0">
      <failure>Error: Nest can&apos;t resolve dependencies of the UserLoginRepository (?). Please make sure that the argument DataSource at index [0] is available in the TypeOrmModule context.

Potential solutions:
- Is TypeOrmModule a valid NestJS module?
- If DataSource is a provider, is it part of the current TypeOrmModule?
- If DataSource is exported from a separate @Module, is that module imported within TypeOrmModule?
  @Module({
    imports: [ /* the Module containing DataSource */ ]
  })

    at TestingInjector.lookupComponentInParentModules (C:\Users\bandi\Documents\code\social-tippster\social-tippster\node_modules\@nestjs\core\injector\injector.js:262:19)
    at async TestingInjector.resolveComponentInstance (C:\Users\bandi\Documents\code\social-tippster\social-tippster\node_modules\@nestjs\core\injector\injector.js:215:33)
    at async TestingInjector.resolveComponentInstance (C:\Users\bandi\Documents\code\social-tippster\social-tippster\node_modules\@nestjs\testing\testing-injector.js:19:45)
    at async resolveParam (C:\Users\bandi\Documents\code\social-tippster\social-tippster\node_modules\@nestjs\core\injector\injector.js:129:38)
    at async Promise.all (index 0)
    at async TestingInjector.resolveConstructorParams (C:\Users\bandi\Documents\code\social-tippster\social-tippster\node_modules\@nestjs\core\injector\injector.js:144:27)
    at async TestingInjector.loadInstance (C:\Users\bandi\Documents\code\social-tippster\social-tippster\node_modules\@nestjs\core\injector\injector.js:70:13)
    at async TestingInjector.loadProvider (C:\Users\bandi\Documents\code\social-tippster\social-tippster\node_modules\@nestjs\core\injector\injector.js:98:9)
    at async C:\Users\bandi\Documents\code\social-tippster\social-tippster\node_modules\@nestjs\core\injector\instance-loader.js:56:13
    at async Promise.all (index 5)
    at async TestingInstanceLoader.createInstancesOfProviders (C:\Users\bandi\Documents\code\social-tippster\social-tippster\node_modules\@nestjs\core\injector\instance-loader.js:55:9)
    at async C:\Users\bandi\Documents\code\social-tippster\social-tippster\node_modules\@nestjs\core\injector\instance-loader.js:40:13
    at async Promise.all (index 9)
    at async TestingInstanceLoader.createInstances (C:\Users\bandi\Documents\code\social-tippster\social-tippster\node_modules\@nestjs\core\injector\instance-loader.js:39:9)
    at async TestingInstanceLoader.createInstancesOfDependencies (C:\Users\bandi\Documents\code\social-tippster\social-tippster\node_modules\@nestjs\core\injector\instance-loader.js:22:13)
    at async TestingInstanceLoader.createInstancesOfDependencies (C:\Users\bandi\Documents\code\social-tippster\social-tippster\node_modules\@nestjs\testing\testing-instance-loader.js:9:9)
    at async TestingModuleBuilder.createInstancesOfDependencies (C:\Users\bandi\Documents\code\social-tippster\social-tippster\node_modules\@nestjs\testing\testing-module.builder.js:118:9)
    at async TestingModuleBuilder.compile (C:\Users\bandi\Documents\code\social-tippster\social-tippster\node_modules\@nestjs\testing\testing-module.builder.js:74:9)
    at async Object.&lt;anonymous&gt; (C:\Users\bandi\Documents\code\social-tippster\social-tippster\tests\backend\auth-integration.spec.ts:48:17)</failure>
    </testcase>
    <testcase classname="Authentication System Integration Tests JWT Token Validation should reject expired tokens" name="Authentication System Integration Tests JWT Token Validation should reject expired tokens" time="0">
      <failure>Error: Nest can&apos;t resolve dependencies of the UserLoginRepository (?). Please make sure that the argument DataSource at index [0] is available in the TypeOrmModule context.

Potential solutions:
- Is TypeOrmModule a valid NestJS module?
- If DataSource is a provider, is it part of the current TypeOrmModule?
- If DataSource is exported from a separate @Module, is that module imported within TypeOrmModule?
  @Module({
    imports: [ /* the Module containing DataSource */ ]
  })

    at TestingInjector.lookupComponentInParentModules (C:\Users\bandi\Documents\code\social-tippster\social-tippster\node_modules\@nestjs\core\injector\injector.js:262:19)
    at async TestingInjector.resolveComponentInstance (C:\Users\bandi\Documents\code\social-tippster\social-tippster\node_modules\@nestjs\core\injector\injector.js:215:33)
    at async TestingInjector.resolveComponentInstance (C:\Users\bandi\Documents\code\social-tippster\social-tippster\node_modules\@nestjs\testing\testing-injector.js:19:45)
    at async resolveParam (C:\Users\bandi\Documents\code\social-tippster\social-tippster\node_modules\@nestjs\core\injector\injector.js:129:38)
    at async Promise.all (index 0)
    at async TestingInjector.resolveConstructorParams (C:\Users\bandi\Documents\code\social-tippster\social-tippster\node_modules\@nestjs\core\injector\injector.js:144:27)
    at async TestingInjector.loadInstance (C:\Users\bandi\Documents\code\social-tippster\social-tippster\node_modules\@nestjs\core\injector\injector.js:70:13)
    at async TestingInjector.loadProvider (C:\Users\bandi\Documents\code\social-tippster\social-tippster\node_modules\@nestjs\core\injector\injector.js:98:9)
    at async C:\Users\bandi\Documents\code\social-tippster\social-tippster\node_modules\@nestjs\core\injector\instance-loader.js:56:13
    at async Promise.all (index 5)
    at async TestingInstanceLoader.createInstancesOfProviders (C:\Users\bandi\Documents\code\social-tippster\social-tippster\node_modules\@nestjs\core\injector\instance-loader.js:55:9)
    at async C:\Users\bandi\Documents\code\social-tippster\social-tippster\node_modules\@nestjs\core\injector\instance-loader.js:40:13
    at async Promise.all (index 9)
    at async TestingInstanceLoader.createInstances (C:\Users\bandi\Documents\code\social-tippster\social-tippster\node_modules\@nestjs\core\injector\instance-loader.js:39:9)
    at async TestingInstanceLoader.createInstancesOfDependencies (C:\Users\bandi\Documents\code\social-tippster\social-tippster\node_modules\@nestjs\core\injector\instance-loader.js:22:13)
    at async TestingInstanceLoader.createInstancesOfDependencies (C:\Users\bandi\Documents\code\social-tippster\social-tippster\node_modules\@nestjs\testing\testing-instance-loader.js:9:9)
    at async TestingModuleBuilder.createInstancesOfDependencies (C:\Users\bandi\Documents\code\social-tippster\social-tippster\node_modules\@nestjs\testing\testing-module.builder.js:118:9)
    at async TestingModuleBuilder.compile (C:\Users\bandi\Documents\code\social-tippster\social-tippster\node_modules\@nestjs\testing\testing-module.builder.js:74:9)
    at async Object.&lt;anonymous&gt; (C:\Users\bandi\Documents\code\social-tippster\social-tippster\tests\backend\auth-integration.spec.ts:48:17)</failure>
    </testcase>
    <testcase classname="Authentication System Integration Tests User State Management should handle inactive user login attempts" name="Authentication System Integration Tests User State Management should handle inactive user login attempts" time="0">
      <failure>Error: Nest can&apos;t resolve dependencies of the UserLoginRepository (?). Please make sure that the argument DataSource at index [0] is available in the TypeOrmModule context.

Potential solutions:
- Is TypeOrmModule a valid NestJS module?
- If DataSource is a provider, is it part of the current TypeOrmModule?
- If DataSource is exported from a separate @Module, is that module imported within TypeOrmModule?
  @Module({
    imports: [ /* the Module containing DataSource */ ]
  })

    at TestingInjector.lookupComponentInParentModules (C:\Users\bandi\Documents\code\social-tippster\social-tippster\node_modules\@nestjs\core\injector\injector.js:262:19)
    at async TestingInjector.resolveComponentInstance (C:\Users\bandi\Documents\code\social-tippster\social-tippster\node_modules\@nestjs\core\injector\injector.js:215:33)
    at async TestingInjector.resolveComponentInstance (C:\Users\bandi\Documents\code\social-tippster\social-tippster\node_modules\@nestjs\testing\testing-injector.js:19:45)
    at async resolveParam (C:\Users\bandi\Documents\code\social-tippster\social-tippster\node_modules\@nestjs\core\injector\injector.js:129:38)
    at async Promise.all (index 0)
    at async TestingInjector.resolveConstructorParams (C:\Users\bandi\Documents\code\social-tippster\social-tippster\node_modules\@nestjs\core\injector\injector.js:144:27)
    at async TestingInjector.loadInstance (C:\Users\bandi\Documents\code\social-tippster\social-tippster\node_modules\@nestjs\core\injector\injector.js:70:13)
    at async TestingInjector.loadProvider (C:\Users\bandi\Documents\code\social-tippster\social-tippster\node_modules\@nestjs\core\injector\injector.js:98:9)
    at async C:\Users\bandi\Documents\code\social-tippster\social-tippster\node_modules\@nestjs\core\injector\instance-loader.js:56:13
    at async Promise.all (index 5)
    at async TestingInstanceLoader.createInstancesOfProviders (C:\Users\bandi\Documents\code\social-tippster\social-tippster\node_modules\@nestjs\core\injector\instance-loader.js:55:9)
    at async C:\Users\bandi\Documents\code\social-tippster\social-tippster\node_modules\@nestjs\core\injector\instance-loader.js:40:13
    at async Promise.all (index 9)
    at async TestingInstanceLoader.createInstances (C:\Users\bandi\Documents\code\social-tippster\social-tippster\node_modules\@nestjs\core\injector\instance-loader.js:39:9)
    at async TestingInstanceLoader.createInstancesOfDependencies (C:\Users\bandi\Documents\code\social-tippster\social-tippster\node_modules\@nestjs\core\injector\instance-loader.js:22:13)
    at async TestingInstanceLoader.createInstancesOfDependencies (C:\Users\bandi\Documents\code\social-tippster\social-tippster\node_modules\@nestjs\testing\testing-instance-loader.js:9:9)
    at async TestingModuleBuilder.createInstancesOfDependencies (C:\Users\bandi\Documents\code\social-tippster\social-tippster\node_modules\@nestjs\testing\testing-module.builder.js:118:9)
    at async TestingModuleBuilder.compile (C:\Users\bandi\Documents\code\social-tippster\social-tippster\node_modules\@nestjs\testing\testing-module.builder.js:74:9)
    at async Object.&lt;anonymous&gt; (C:\Users\bandi\Documents\code\social-tippster\social-tippster\tests\backend\auth-integration.spec.ts:48:17)</failure>
    </testcase>
    <testcase classname="Authentication System Integration Tests User State Management should handle banned user login attempts" name="Authentication System Integration Tests User State Management should handle banned user login attempts" time="0">
      <failure>Error: Nest can&apos;t resolve dependencies of the UserLoginRepository (?). Please make sure that the argument DataSource at index [0] is available in the TypeOrmModule context.

Potential solutions:
- Is TypeOrmModule a valid NestJS module?
- If DataSource is a provider, is it part of the current TypeOrmModule?
- If DataSource is exported from a separate @Module, is that module imported within TypeOrmModule?
  @Module({
    imports: [ /* the Module containing DataSource */ ]
  })

    at TestingInjector.lookupComponentInParentModules (C:\Users\bandi\Documents\code\social-tippster\social-tippster\node_modules\@nestjs\core\injector\injector.js:262:19)
    at async TestingInjector.resolveComponentInstance (C:\Users\bandi\Documents\code\social-tippster\social-tippster\node_modules\@nestjs\core\injector\injector.js:215:33)
    at async TestingInjector.resolveComponentInstance (C:\Users\bandi\Documents\code\social-tippster\social-tippster\node_modules\@nestjs\testing\testing-injector.js:19:45)
    at async resolveParam (C:\Users\bandi\Documents\code\social-tippster\social-tippster\node_modules\@nestjs\core\injector\injector.js:129:38)
    at async Promise.all (index 0)
    at async TestingInjector.resolveConstructorParams (C:\Users\bandi\Documents\code\social-tippster\social-tippster\node_modules\@nestjs\core\injector\injector.js:144:27)
    at async TestingInjector.loadInstance (C:\Users\bandi\Documents\code\social-tippster\social-tippster\node_modules\@nestjs\core\injector\injector.js:70:13)
    at async TestingInjector.loadProvider (C:\Users\bandi\Documents\code\social-tippster\social-tippster\node_modules\@nestjs\core\injector\injector.js:98:9)
    at async C:\Users\bandi\Documents\code\social-tippster\social-tippster\node_modules\@nestjs\core\injector\instance-loader.js:56:13
    at async Promise.all (index 5)
    at async TestingInstanceLoader.createInstancesOfProviders (C:\Users\bandi\Documents\code\social-tippster\social-tippster\node_modules\@nestjs\core\injector\instance-loader.js:55:9)
    at async C:\Users\bandi\Documents\code\social-tippster\social-tippster\node_modules\@nestjs\core\injector\instance-loader.js:40:13
    at async Promise.all (index 9)
    at async TestingInstanceLoader.createInstances (C:\Users\bandi\Documents\code\social-tippster\social-tippster\node_modules\@nestjs\core\injector\instance-loader.js:39:9)
    at async TestingInstanceLoader.createInstancesOfDependencies (C:\Users\bandi\Documents\code\social-tippster\social-tippster\node_modules\@nestjs\core\injector\instance-loader.js:22:13)
    at async TestingInstanceLoader.createInstancesOfDependencies (C:\Users\bandi\Documents\code\social-tippster\social-tippster\node_modules\@nestjs\testing\testing-instance-loader.js:9:9)
    at async TestingModuleBuilder.createInstancesOfDependencies (C:\Users\bandi\Documents\code\social-tippster\social-tippster\node_modules\@nestjs\testing\testing-module.builder.js:118:9)
    at async TestingModuleBuilder.compile (C:\Users\bandi\Documents\code\social-tippster\social-tippster\node_modules\@nestjs\testing\testing-module.builder.js:74:9)
    at async Object.&lt;anonymous&gt; (C:\Users\bandi\Documents\code\social-tippster\social-tippster\tests\backend\auth-integration.spec.ts:48:17)</failure>
    </testcase>
    <testcase classname="Authentication System Integration Tests Analytics and Tracking should track successful logins with metadata" name="Authentication System Integration Tests Analytics and Tracking should track successful logins with metadata" time="0">
      <failure>Error: Nest can&apos;t resolve dependencies of the UserLoginRepository (?). Please make sure that the argument DataSource at index [0] is available in the TypeOrmModule context.

Potential solutions:
- Is TypeOrmModule a valid NestJS module?
- If DataSource is a provider, is it part of the current TypeOrmModule?
- If DataSource is exported from a separate @Module, is that module imported within TypeOrmModule?
  @Module({
    imports: [ /* the Module containing DataSource */ ]
  })

    at TestingInjector.lookupComponentInParentModules (C:\Users\bandi\Documents\code\social-tippster\social-tippster\node_modules\@nestjs\core\injector\injector.js:262:19)
    at async TestingInjector.resolveComponentInstance (C:\Users\bandi\Documents\code\social-tippster\social-tippster\node_modules\@nestjs\core\injector\injector.js:215:33)
    at async TestingInjector.resolveComponentInstance (C:\Users\bandi\Documents\code\social-tippster\social-tippster\node_modules\@nestjs\testing\testing-injector.js:19:45)
    at async resolveParam (C:\Users\bandi\Documents\code\social-tippster\social-tippster\node_modules\@nestjs\core\injector\injector.js:129:38)
    at async Promise.all (index 0)
    at async TestingInjector.resolveConstructorParams (C:\Users\bandi\Documents\code\social-tippster\social-tippster\node_modules\@nestjs\core\injector\injector.js:144:27)
    at async TestingInjector.loadInstance (C:\Users\bandi\Documents\code\social-tippster\social-tippster\node_modules\@nestjs\core\injector\injector.js:70:13)
    at async TestingInjector.loadProvider (C:\Users\bandi\Documents\code\social-tippster\social-tippster\node_modules\@nestjs\core\injector\injector.js:98:9)
    at async C:\Users\bandi\Documents\code\social-tippster\social-tippster\node_modules\@nestjs\core\injector\instance-loader.js:56:13
    at async Promise.all (index 5)
    at async TestingInstanceLoader.createInstancesOfProviders (C:\Users\bandi\Documents\code\social-tippster\social-tippster\node_modules\@nestjs\core\injector\instance-loader.js:55:9)
    at async C:\Users\bandi\Documents\code\social-tippster\social-tippster\node_modules\@nestjs\core\injector\instance-loader.js:40:13
    at async Promise.all (index 9)
    at async TestingInstanceLoader.createInstances (C:\Users\bandi\Documents\code\social-tippster\social-tippster\node_modules\@nestjs\core\injector\instance-loader.js:39:9)
    at async TestingInstanceLoader.createInstancesOfDependencies (C:\Users\bandi\Documents\code\social-tippster\social-tippster\node_modules\@nestjs\core\injector\instance-loader.js:22:13)
    at async TestingInstanceLoader.createInstancesOfDependencies (C:\Users\bandi\Documents\code\social-tippster\social-tippster\node_modules\@nestjs\testing\testing-instance-loader.js:9:9)
    at async TestingModuleBuilder.createInstancesOfDependencies (C:\Users\bandi\Documents\code\social-tippster\social-tippster\node_modules\@nestjs\testing\testing-module.builder.js:118:9)
    at async TestingModuleBuilder.compile (C:\Users\bandi\Documents\code\social-tippster\social-tippster\node_modules\@nestjs\testing\testing-module.builder.js:74:9)
    at async Object.&lt;anonymous&gt; (C:\Users\bandi\Documents\code\social-tippster\social-tippster\tests\backend\auth-integration.spec.ts:48:17)</failure>
    </testcase>
    <testcase classname="Authentication System Integration Tests Analytics and Tracking should track failed logins with failure reasons" name="Authentication System Integration Tests Analytics and Tracking should track failed logins with failure reasons" time="0">
      <failure>Error: Nest can&apos;t resolve dependencies of the UserLoginRepository (?). Please make sure that the argument DataSource at index [0] is available in the TypeOrmModule context.

Potential solutions:
- Is TypeOrmModule a valid NestJS module?
- If DataSource is a provider, is it part of the current TypeOrmModule?
- If DataSource is exported from a separate @Module, is that module imported within TypeOrmModule?
  @Module({
    imports: [ /* the Module containing DataSource */ ]
  })

    at TestingInjector.lookupComponentInParentModules (C:\Users\bandi\Documents\code\social-tippster\social-tippster\node_modules\@nestjs\core\injector\injector.js:262:19)
    at async TestingInjector.resolveComponentInstance (C:\Users\bandi\Documents\code\social-tippster\social-tippster\node_modules\@nestjs\core\injector\injector.js:215:33)
    at async TestingInjector.resolveComponentInstance (C:\Users\bandi\Documents\code\social-tippster\social-tippster\node_modules\@nestjs\testing\testing-injector.js:19:45)
    at async resolveParam (C:\Users\bandi\Documents\code\social-tippster\social-tippster\node_modules\@nestjs\core\injector\injector.js:129:38)
    at async Promise.all (index 0)
    at async TestingInjector.resolveConstructorParams (C:\Users\bandi\Documents\code\social-tippster\social-tippster\node_modules\@nestjs\core\injector\injector.js:144:27)
    at async TestingInjector.loadInstance (C:\Users\bandi\Documents\code\social-tippster\social-tippster\node_modules\@nestjs\core\injector\injector.js:70:13)
    at async TestingInjector.loadProvider (C:\Users\bandi\Documents\code\social-tippster\social-tippster\node_modules\@nestjs\core\injector\injector.js:98:9)
    at async C:\Users\bandi\Documents\code\social-tippster\social-tippster\node_modules\@nestjs\core\injector\instance-loader.js:56:13
    at async Promise.all (index 5)
    at async TestingInstanceLoader.createInstancesOfProviders (C:\Users\bandi\Documents\code\social-tippster\social-tippster\node_modules\@nestjs\core\injector\instance-loader.js:55:9)
    at async C:\Users\bandi\Documents\code\social-tippster\social-tippster\node_modules\@nestjs\core\injector\instance-loader.js:40:13
    at async Promise.all (index 9)
    at async TestingInstanceLoader.createInstances (C:\Users\bandi\Documents\code\social-tippster\social-tippster\node_modules\@nestjs\core\injector\instance-loader.js:39:9)
    at async TestingInstanceLoader.createInstancesOfDependencies (C:\Users\bandi\Documents\code\social-tippster\social-tippster\node_modules\@nestjs\core\injector\instance-loader.js:22:13)
    at async TestingInstanceLoader.createInstancesOfDependencies (C:\Users\bandi\Documents\code\social-tippster\social-tippster\node_modules\@nestjs\testing\testing-instance-loader.js:9:9)
    at async TestingModuleBuilder.createInstancesOfDependencies (C:\Users\bandi\Documents\code\social-tippster\social-tippster\node_modules\@nestjs\testing\testing-module.builder.js:118:9)
    at async TestingModuleBuilder.compile (C:\Users\bandi\Documents\code\social-tippster\social-tippster\node_modules\@nestjs\testing\testing-module.builder.js:74:9)
    at async Object.&lt;anonymous&gt; (C:\Users\bandi\Documents\code\social-tippster\social-tippster\tests\backend\auth-integration.spec.ts:48:17)</failure>
    </testcase>
    <testcase classname="Authentication System Integration Tests Analytics and Tracking should track session information" name="Authentication System Integration Tests Analytics and Tracking should track session information" time="0">
      <failure>Error: Nest can&apos;t resolve dependencies of the UserLoginRepository (?). Please make sure that the argument DataSource at index [0] is available in the TypeOrmModule context.

Potential solutions:
- Is TypeOrmModule a valid NestJS module?
- If DataSource is a provider, is it part of the current TypeOrmModule?
- If DataSource is exported from a separate @Module, is that module imported within TypeOrmModule?
  @Module({
    imports: [ /* the Module containing DataSource */ ]
  })

    at TestingInjector.lookupComponentInParentModules (C:\Users\bandi\Documents\code\social-tippster\social-tippster\node_modules\@nestjs\core\injector\injector.js:262:19)
    at async TestingInjector.resolveComponentInstance (C:\Users\bandi\Documents\code\social-tippster\social-tippster\node_modules\@nestjs\core\injector\injector.js:215:33)
    at async TestingInjector.resolveComponentInstance (C:\Users\bandi\Documents\code\social-tippster\social-tippster\node_modules\@nestjs\testing\testing-injector.js:19:45)
    at async resolveParam (C:\Users\bandi\Documents\code\social-tippster\social-tippster\node_modules\@nestjs\core\injector\injector.js:129:38)
    at async Promise.all (index 0)
    at async TestingInjector.resolveConstructorParams (C:\Users\bandi\Documents\code\social-tippster\social-tippster\node_modules\@nestjs\core\injector\injector.js:144:27)
    at async TestingInjector.loadInstance (C:\Users\bandi\Documents\code\social-tippster\social-tippster\node_modules\@nestjs\core\injector\injector.js:70:13)
    at async TestingInjector.loadProvider (C:\Users\bandi\Documents\code\social-tippster\social-tippster\node_modules\@nestjs\core\injector\injector.js:98:9)
    at async C:\Users\bandi\Documents\code\social-tippster\social-tippster\node_modules\@nestjs\core\injector\instance-loader.js:56:13
    at async Promise.all (index 5)
    at async TestingInstanceLoader.createInstancesOfProviders (C:\Users\bandi\Documents\code\social-tippster\social-tippster\node_modules\@nestjs\core\injector\instance-loader.js:55:9)
    at async C:\Users\bandi\Documents\code\social-tippster\social-tippster\node_modules\@nestjs\core\injector\instance-loader.js:40:13
    at async Promise.all (index 9)
    at async TestingInstanceLoader.createInstances (C:\Users\bandi\Documents\code\social-tippster\social-tippster\node_modules\@nestjs\core\injector\instance-loader.js:39:9)
    at async TestingInstanceLoader.createInstancesOfDependencies (C:\Users\bandi\Documents\code\social-tippster\social-tippster\node_modules\@nestjs\core\injector\instance-loader.js:22:13)
    at async TestingInstanceLoader.createInstancesOfDependencies (C:\Users\bandi\Documents\code\social-tippster\social-tippster\node_modules\@nestjs\testing\testing-instance-loader.js:9:9)
    at async TestingModuleBuilder.createInstancesOfDependencies (C:\Users\bandi\Documents\code\social-tippster\social-tippster\node_modules\@nestjs\testing\testing-module.builder.js:118:9)
    at async TestingModuleBuilder.compile (C:\Users\bandi\Documents\code\social-tippster\social-tippster\node_modules\@nestjs\testing\testing-module.builder.js:74:9)
    at async Object.&lt;anonymous&gt; (C:\Users\bandi\Documents\code\social-tippster\social-tippster\tests\backend\auth-integration.spec.ts:48:17)</failure>
    </testcase>
    <testcase classname=" Test execution failure: could be caused by test hooks like &apos;afterAll&apos;." name=" Test execution failure: could be caused by test hooks like &apos;afterAll&apos;." time="0">
      <failure>{&quot;message&quot;:&quot;&quot;,&quot;stack&quot;:&quot;TypeError: Cannot read properties of undefined (reading &apos;close&apos;)\n    at Object.&lt;anonymous&gt; (C:\\Users\\bandi\\Documents\\code\\social-tippster\\social-tippster\\tests\\backend\\auth-integration.spec.ts:101:15)\n    at Promise.then.completed (C:\\Users\\bandi\\Documents\\code\\social-tippster\\social-tippster\\node_modules\\jest-circus\\build\\utils.js:298:28)\n    at new Promise (&lt;anonymous&gt;)\n    at callAsyncCircusFn (C:\\Users\\bandi\\Documents\\code\\social-tippster\\social-tippster\\node_modules\\jest-circus\\build\\utils.js:231:10)\n    at _callCircusHook (C:\\Users\\bandi\\Documents\\code\\social-tippster\\social-tippster\\node_modules\\jest-circus\\build\\run.js:281:40)\n    at async _runTestsForDescribeBlock (C:\\Users\\bandi\\Documents\\code\\social-tippster\\social-tippster\\node_modules\\jest-circus\\build\\run.js:154:7)\n    at async _runTestsForDescribeBlock (C:\\Users\\bandi\\Documents\\code\\social-tippster\\social-tippster\\node_modules\\jest-circus\\build\\run.js:121:9)\n    at async run (C:\\Users\\bandi\\Documents\\code\\social-tippster\\social-tippster\\node_modules\\jest-circus\\build\\run.js:71:3)\n    at async runAndTransformResultsToJestFormat (C:\\Users\\bandi\\Documents\\code\\social-tippster\\social-tippster\\node_modules\\jest-circus\\build\\legacy-code-todo-rewrite\\jestAdapterInit.js:122:21)\n    at async jestAdapter (C:\\Users\\bandi\\Documents\\code\\social-tippster\\social-tippster\\node_modules\\jest-circus\\build\\legacy-code-todo-rewrite\\jestAdapter.js:79:19)\n    at async runTestInternal (C:\\Users\\bandi\\Documents\\code\\social-tippster\\social-tippster\\node_modules\\jest-runner\\build\\runTest.js:367:16)\n    at async runTest (C:\\Users\\bandi\\Documents\\code\\social-tippster\\social-tippster\\node_modules\\jest-runner\\build\\runTest.js:444:34)&quot;}</failure>
    </testcase>
  </testsuite>
</testsuites>